Archive member included because of file (symbol)

c:/freescale/kds_v3/toolchain/bin/../lib/gcc/arm-none-eabi/4.8.4/../../../../arm-none-eabi/lib/armv6-m\libstdc++_s.a(eh_arm.o)
                              ./main.o (__cxa_end_cleanup)
c:/freescale/kds_v3/toolchain/bin/../lib/gcc/arm-none-eabi/4.8.4/../../../../arm-none-eabi/lib/armv6-m\libstdc++_s.a(eh_terminate.o)
                              c:/freescale/kds_v3/toolchain/bin/../lib/gcc/arm-none-eabi/4.8.4/../../../../arm-none-eabi/lib/armv6-m\libstdc++_s.a(eh_arm.o) (std::terminate())
c:/freescale/kds_v3/toolchain/bin/../lib/gcc/arm-none-eabi/4.8.4/../../../../arm-none-eabi/lib/armv6-m\libstdc++_s.a(new_op.o)
                              ./main.o (operator new(unsigned int))
c:/freescale/kds_v3/toolchain/bin/../lib/gcc/arm-none-eabi/4.8.4/../../../../arm-none-eabi/lib/armv6-m\libstdc++_s.a(del_op.o)
                              ./main.o (operator delete(void*))
c:/freescale/kds_v3/toolchain/bin/../lib/gcc/arm-none-eabi/4.8.4/../../../../arm-none-eabi/lib/armv6-m\libstdc++_s.a(new_handler.o)
                              c:/freescale/kds_v3/toolchain/bin/../lib/gcc/arm-none-eabi/4.8.4/../../../../arm-none-eabi/lib/armv6-m\libstdc++_s.a(new_op.o) (__new_handler)
c:/freescale/kds_v3/toolchain/bin/../lib/gcc/arm-none-eabi/4.8.4/../../../../arm-none-eabi/lib/armv6-m\libstdc++_s.a(eh_unex_handler.o)
                              c:/freescale/kds_v3/toolchain/bin/../lib/gcc/arm-none-eabi/4.8.4/../../../../arm-none-eabi/lib/armv6-m\libstdc++_s.a(eh_terminate.o) (__cxxabiv1::__unexpected_handler)
c:/freescale/kds_v3/toolchain/bin/../lib/gcc/arm-none-eabi/4.8.4/../../../../arm-none-eabi/lib/armv6-m\libstdc++_s.a(eh_personality.o)
                              ./main.o (__gxx_personality_v0)
c:/freescale/kds_v3/toolchain/bin/../lib/gcc/arm-none-eabi/4.8.4/../../../../arm-none-eabi/lib/armv6-m\libstdc++_s.a(eh_globals.o)
                              c:/freescale/kds_v3/toolchain/bin/../lib/gcc/arm-none-eabi/4.8.4/../../../../arm-none-eabi/lib/armv6-m\libstdc++_s.a(eh_arm.o) (__cxa_get_globals)
c:/freescale/kds_v3/toolchain/bin/../lib/gcc/arm-none-eabi/4.8.4/../../../../arm-none-eabi/lib/armv6-m\libstdc++_s.a(eh_term_handler.o)
                              c:/freescale/kds_v3/toolchain/bin/../lib/gcc/arm-none-eabi/4.8.4/../../../../arm-none-eabi/lib/armv6-m\libstdc++_s.a(eh_terminate.o) (__cxxabiv1::__terminate_handler)
c:/freescale/kds_v3/toolchain/bin/../lib/gcc/arm-none-eabi/4.8.4/../../../../arm-none-eabi/lib/armv6-m\libstdc++_s.a(vterminate.o)
                              c:/freescale/kds_v3/toolchain/bin/../lib/gcc/arm-none-eabi/4.8.4/../../../../arm-none-eabi/lib/armv6-m\libstdc++_s.a(eh_term_handler.o) (__gnu_cxx::__verbose_terminate_handler())
c:/freescale/kds_v3/toolchain/bin/../lib/gcc/arm-none-eabi/4.8.4/../../../../arm-none-eabi/lib/armv6-m\libstdc++_s.a(eh_type.o)
                              c:/freescale/kds_v3/toolchain/bin/../lib/gcc/arm-none-eabi/4.8.4/../../../../arm-none-eabi/lib/armv6-m\libstdc++_s.a(vterminate.o) (__cxa_current_exception_type)
c:/freescale/kds_v3/toolchain/bin/../lib/gcc/arm-none-eabi/4.8.4/../../../../arm-none-eabi/lib/armv6-m\libstdc++_s.a(eh_exception.o)
                              c:/freescale/kds_v3/toolchain/bin/../lib/gcc/arm-none-eabi/4.8.4/../../../../arm-none-eabi/lib/armv6-m\libstdc++_s.a(eh_arm.o) (typeinfo for __cxxabiv1::__forced_unwind)
c:/freescale/kds_v3/toolchain/bin/../lib/gcc/arm-none-eabi/4.8.4/../../../../arm-none-eabi/lib/armv6-m\libstdc++_s.a(pure.o)
                              c:/freescale/kds_v3/toolchain/bin/../lib/gcc/arm-none-eabi/4.8.4/../../../../arm-none-eabi/lib/armv6-m\libstdc++_s.a(eh_exception.o) (__cxa_pure_virtual)
c:/freescale/kds_v3/toolchain/bin/../lib/gcc/arm-none-eabi/4.8.4/../../../../arm-none-eabi/lib/armv6-m\libstdc++_s.a(eh_call.o)
                              c:/freescale/kds_v3/toolchain/bin/../lib/gcc/arm-none-eabi/4.8.4/../../../../arm-none-eabi/lib/armv6-m\libstdc++_s.a(eh_personality.o) (__cxa_call_terminate)
c:/freescale/kds_v3/toolchain/bin/../lib/gcc/arm-none-eabi/4.8.4/../../../../arm-none-eabi/lib/armv6-m\libstdc++_s.a(cp-demangle.o)
                              c:/freescale/kds_v3/toolchain/bin/../lib/gcc/arm-none-eabi/4.8.4/../../../../arm-none-eabi/lib/armv6-m\libstdc++_s.a(vterminate.o) (__cxa_demangle)
c:/freescale/kds_v3/toolchain/bin/../lib/gcc/arm-none-eabi/4.8.4/../../../../arm-none-eabi/lib/armv6-m\libstdc++_s.a(eh_catch.o)
                              c:/freescale/kds_v3/toolchain/bin/../lib/gcc/arm-none-eabi/4.8.4/../../../../arm-none-eabi/lib/armv6-m\libstdc++_s.a(eh_call.o) (__cxa_begin_catch)
c:/freescale/kds_v3/toolchain/bin/../lib/gcc/arm-none-eabi/4.8.4/../../../../arm-none-eabi/lib/armv6-m\libstdc++_s.a(class_type_info.o)
                              c:/freescale/kds_v3/toolchain/bin/../lib/gcc/arm-none-eabi/4.8.4/../../../../arm-none-eabi/lib/armv6-m\libstdc++_s.a(eh_exception.o) (vtable for __cxxabiv1::__class_type_info)
[...]
Memory Configuration

Name             Origin             Length             Attributes
m_interrupts     0x00000000         0x00000100         xr
m_flash_config   0x00000400         0x00000010         xr
m_text           0x00000410         0x0001fbf0         xr
m_data           0x1ffff000         0x00004000         rw
*default*        0x00000000         0xffffffff

Linker script and memory map

LOAD c:/freescale/kds_v3/toolchain/bin/../lib/gcc/arm-none-eabi/4.8.4/armv6-m/crti.o
LOAD c:/freescale/kds_v3/toolchain/bin/../lib/gcc/arm-none-eabi/4.8.4/armv6-m/crtbegin.o
LOAD c:/freescale/kds_v3/toolchain/bin/../lib/gcc/arm-none-eabi/4.8.4/../../../../arm-none-eabi/lib/armv6-m/crt0.o
LOAD ./Sources/mkl_GPIO.o
LOAD ./Sources/mkl_GPIOPort.o
LOAD ./Sources/mkl_TPM.o
LOAD ./Sources/mkl_TPMDelay.o
LOAD ./Sources/mkl_TPMPulseWidthModulation.o
LOAD ./Project_Settings/Startup_Code/startup_MKL25Z4.o
LOAD ./Project_Settings/Startup_Code/system_MKL25Z4.o
LOAD ./Button.o
LOAD ./Buzzer.o
LOAD ./ControlService.o
LOAD ./Delay.o
LOAD ./Key.o
LOAD ./Led.o
LOAD ./MotorDc.o
LOAD ./OperationService.o
LOAD ./Pwm.o
LOAD ./RotatingService.o
LOAD ./SignalingService.o
LOAD ./main.o
LOAD c:/freescale/kds_v3/toolchain/bin/../lib/gcc/arm-none-eabi/4.8.4/../../../../arm-none-eabi/lib/armv6-m\libstdc++_s.a
LOAD c:/freescale/kds_v3/toolchain/bin/../lib/gcc/arm-none-eabi/4.8.4/../../../../arm-none-eabi/lib/armv6-m\libm.a
START GROUP
LOAD c:/freescale/kds_v3/toolchain/bin/../lib/gcc/arm-none-eabi/4.8.4/armv6-m\libgcc.a
LOAD c:/freescale/kds_v3/toolchain/bin/../lib/gcc/arm-none-eabi/4.8.4/../../../../arm-none-eabi/lib/armv6-m\libg_s.a
LOAD c:/freescale/kds_v3/toolchain/bin/../lib/gcc/arm-none-eabi/4.8.4/../../../../arm-none-eabi/lib/armv6-m\libc_s.a
END GROUP
START GROUP
LOAD c:/freescale/kds_v3/toolchain/bin/../lib/gcc/arm-none-eabi/4.8.4/armv6-m\libgcc.a
LOAD c:/freescale/kds_v3/toolchain/bin/../lib/gcc/arm-none-eabi/4.8.4/../../../../arm-none-eabi/lib/armv6-m\libc_s.a
LOAD c:/freescale/kds_v3/toolchain/bin/../lib/gcc/arm-none-eabi/4.8.4/../../../../arm-none-eabi/lib/armv6-m\libnosys.a
END GROUP
START GROUP
LOAD c:/freescale/kds_v3/toolchain/bin/../lib/gcc/arm-none-eabi/4.8.4/armv6-m\libgcc.a
LOAD c:/freescale/kds_v3/toolchain/bin/../lib/gcc/arm-none-eabi/4.8.4/../../../../arm-none-eabi/lib/armv6-m\libc_s.a
LOAD c:/freescale/kds_v3/toolchain/bin/../lib/gcc/arm-none-eabi/4.8.4/../../../../arm-none-eabi/lib/armv6-m\libnosys.a
END GROUP
LOAD c:/freescale/kds_v3/toolchain/bin/../lib/gcc/arm-none-eabi/4.8.4/armv6-m/crtend.o
LOAD c:/freescale/kds_v3/toolchain/bin/../lib/gcc/arm-none-eabi/4.8.4/armv6-m/crtn.o
                0x00000400                HEAP_SIZE = DEFINED (__heap_size__)?__heap_size__:0x400
                0x00000400                STACK_SIZE = DEFINED (__stack_size__)?__stack_size__:0x400

.interrupts     0x00000000       0xc0
                0x00000000                __VECTOR_TABLE = .
                0x00000000                . = ALIGN (0x4)
 *(.isr_vector)
 .isr_vector    0x00000000       0xc0 ./Project_Settings/Startup_Code/startup_MKL25Z4.o
                0x00000000                __isr_vector
                0x000000c0                . = ALIGN (0x4)

.flash_config   0x00000400       0x10
                0x00000400                . = ALIGN (0x4)
 *(.FlashConfig)
 .FlashConfig   0x00000400       0x10 ./Project_Settings/Startup_Code/startup_MKL25Z4.o
                0x00000410                . = ALIGN (0x4)

.text           0x00000410     0xb82c
                0x00000410                . = ALIGN (0x4)
 *(.text)
 .text          0x00000410       0x60 c:/freescale/kds_v3/toolchain/bin/../lib/gcc/arm-none-eabi/4.8.4/armv6-m/crtbegin.o
 .text          0x00000470       0x78 c:/freescale/kds_v3/toolchain/bin/../lib/gcc/arm-none-eabi/4.8.4/../../../../arm-none-eabi/lib/armv6-m/crt0.o
                0x00000470                _start
                0x00000470                _mainCRTStartup
 .text          0x000004e8       0x34 ./Project_Settings/Startup_Code/startup_MKL25Z4.o
                0x000004e8                Reset_Handler
                0x00000514                HardFault_Handler
                0x00000514                SysTick_Handler
                0x00000514                PendSV_Handler
                0x00000514                NMI_Handler
                0x00000514                I2C1_IRQHandler
                0x00000514                UART1_IRQHandler
                0x00000514                DMA2_IRQHandler
                0x00000514                TPM0_IRQHandler
                0x00000514                LLWU_IRQHandler
                0x00000514                TSI0_IRQHandler
                0x00000514                UART0_IRQHandler
                0x00000514                ADC0_IRQHandler
                0x00000514                Reserved39_IRQHandler
                0x00000514                SPI1_IRQHandler
                0x00000514                DefaultISR
                0x00000514                PORTD_IRQHandler
                0x00000514                TPM2_IRQHandler
                0x00000514                RTC_IRQHandler
                0x00000514                I2C0_IRQHandler
                0x00000514                RTC_Seconds_IRQHandler
                0x00000514                MCG_IRQHandler
                0x00000514                UART2_IRQHandler
                0x00000514                Reserved20_IRQHandler
                0x00000514                USB0_IRQHandler
                0x00000514                PIT_IRQHandler
                0x00000514                SVC_Handler
                0x00000514                DMA3_IRQHandler
                0x00000514                DMA0_IRQHandler
                0x00000514                DAC0_IRQHandler
                0x00000514                Reserved45_IRQHandler
                0x00000514                TPM1_IRQHandler
                0x00000514                LVD_LVW_IRQHandler
                0x00000514                SPI0_IRQHandler
                0x00000514                PORTA_IRQHandler
                0x00000514                FTFA_IRQHandler
                0x00000514                LPTMR0_IRQHandler
                0x00000514                CMP0_IRQHandler
                0x00000514                DMA1_IRQHandler
 .text          0x0000051c     0x5d44 c:/freescale/kds_v3/toolchain/bin/../lib/gcc/arm-none-eabi/4.8.4/../../../../arm-none-eabi/lib/armv6-m\libstdc++_s.a(cp-demangle.o)
                0x00006178                __cxa_demangle
                0x0000623c                __gcclibcxx_demangle_callback
 .text          0x00006260       0x14 c:/freescale/kds_v3/toolchain/bin/../lib/gcc/arm-none-eabi/4.8.4/armv6-m\libgcc.a(_thumb1_case_sqi.o)
                0x00006260                __gnu_thumb1_case_sqi
 .text          0x00006274       0x14 c:/freescale/kds_v3/toolchain/bin/../lib/gcc/arm-none-eabi/4.8.4/armv6-m\libgcc.a(_thumb1_case_uqi.o)
                0x00006274                __gnu_thumb1_case_uqi
 .text          0x00006288       0x9c c:/freescale/kds_v3/toolchain/bin/../lib/gcc/arm-none-eabi/4.8.4/armv6-m\libgcc.a(_udivsi3.o)
                0x00006288                __aeabi_uidiv
                0x00006288                __udivsi3
                0x00006310                __aeabi_uidivmod
 .text          0x00006324        0x4 c:/freescale/kds_v3/toolchain/bin/../lib/gcc/arm-none-eabi/4.8.4/armv6-m\libgcc.a(_dvmd_tls.o)
                0x00006324                __aeabi_idiv0
                0x00006324                __aeabi_ldiv0
 .text          0x00006328      0xa34 c:/freescale/kds_v3/toolchain/bin/../lib/gcc/arm-none-eabi/4.8.4/armv6-m\libgcc.a(unwind-arm.o)
                0x00006600                _Unwind_GetCFA
                0x00006604                __gnu_Unwind_RaiseException
                0x00006654                __gnu_Unwind_ForcedUnwind
                0x00006668                __gnu_Unwind_Resume
                0x000066b0                __gnu_Unwind_Resume_or_Rethrow
                0x000066cc                _Unwind_Complete
                0x000066d0                _Unwind_DeleteException
                0x000066e0                _Unwind_VRS_Get
                0x0000672c                _Unwind_VRS_Set
                0x0000677c                __gnu_Unwind_Backtrace
                0x00006ad4                __aeabi_unwind_cpp_pr0
                0x00006ae0                __aeabi_unwind_cpp_pr1
                0x00006aec                __aeabi_unwind_cpp_pr2
                0x00006af8                _Unwind_VRS_Pop
 .text          0x00006d5c      0x144 c:/freescale/kds_v3/toolchain/bin/../lib/gcc/arm-none-eabi/4.8.4/armv6-m\libgcc.a(libunwind.o)
                0x00006d5c                __restore_core_regs
                0x00006d5c                restore_core_regs
                0x00006d88                __gnu_Unwind_Restore_VFP
                0x00006d8c                __gnu_Unwind_Save_VFP
                0x00006d90                __gnu_Unwind_Restore_VFP_D
                0x00006d94                __gnu_Unwind_Save_VFP_D
                0x00006d98                __gnu_Unwind_Restore_VFP_D_16_to_31
                0x00006d9c                __gnu_Unwind_Save_VFP_D_16_to_31
                0x00006da0                __gnu_Unwind_Restore_WMMXD
                0x00006da4                __gnu_Unwind_Save_WMMXD
                0x00006da8                __gnu_Unwind_Restore_WMMXC
                0x00006dac                __gnu_Unwind_Save_WMMXC
                0x00006db0                ___Unwind_RaiseException
                0x00006db0                _Unwind_RaiseException
                0x00006de0                _Unwind_Resume
                0x00006de0                ___Unwind_Resume
                0x00006e10                _Unwind_Resume_or_Rethrow
                0x00006e10                ___Unwind_Resume_or_Rethrow
                0x00006e40                _Unwind_ForcedUnwind
                0x00006e40                ___Unwind_ForcedUnwind
                0x00006e70                ___Unwind_Backtrace
                0x00006e70                _Unwind_Backtrace
 .text          0x00006ea0      0x3a4 c:/freescale/kds_v3/toolchain/bin/../lib/gcc/arm-none-eabi/4.8.4/armv6-m\libgcc.a(pr-support.o)
                0x00006ef4                __gnu_unwind_execute
                0x000071ec                __gnu_unwind_frame
                0x00007214                _Unwind_GetRegionStart
                0x00007220                _Unwind_GetLanguageSpecificData
                0x00007234                _Unwind_GetDataRelBase
                0x0000723c                _Unwind_GetTextRelBase
 .text          0x00007244       0x14 c:/freescale/kds_v3/toolchain/bin/../lib/gcc/arm-none-eabi/4.8.4/../../../../arm-none-eabi/lib/armv6-m\libg_s.a(lib_a-strcmp.o)
                0x00007244                strcmp
 *(.text*)
 .text._ZN8mkl_GPIO11setPortModeE13gpio_PortMode
                0x00007258       0x44 ./Sources/mkl_GPIO.o
                0x00007258                mkl_GPIO::setPortMode(gpio_PortMode)
 .text._ZN8mkl_GPIO15setPullResistorE17gpio_PullResistor
                0x0000729c       0x38 ./Sources/mkl_GPIO.o
                0x0000729c                mkl_GPIO::setPullResistor(gpio_PullResistor)
 .text._ZN8mkl_GPIO8writeBitEi
                0x000072d4       0x40 ./Sources/mkl_GPIO.o
                0x000072d4                mkl_GPIO::writeBit(int)
 .text._ZN8mkl_GPIO7readBitEv
                0x00007314       0x2c ./Sources/mkl_GPIO.o
                0x00007314                mkl_GPIO::readBit()
 .text._ZN8mkl_GPIO14bindPeripheralEhh
                0x00007340       0x68 ./Sources/mkl_GPIO.o
                0x00007340                mkl_GPIO::bindPeripheral(unsigned char, unsigned char)
 .text._ZN8mkl_GPIO17enableModuleClockEh
                0x000073a8       0x38 ./Sources/mkl_GPIO.o
                0x000073a8                mkl_GPIO::enableModuleClock(unsigned char)
 .text._ZN8mkl_GPIO20selectMuxAlternativeEv
                0x000073e0       0x18 ./Sources/mkl_GPIO.o
                0x000073e0                mkl_GPIO::selectMuxAlternative()
 .text._ZN8mkl_GPIO17setGPIOParametersE8gpio_PinRmS1_
                0x000073f8       0x4c ./Sources/mkl_GPIO.o
                0x000073f8                mkl_GPIO::setGPIOParameters(gpio_Pin, unsigned long&, unsigned long&)
 .text._ZN8mkl_GPIOC2Ev
                0x00007444       0x14 ./Sources/mkl_GPIOPort.o
                0x00007444                mkl_GPIO::mkl_GPIO()
                0x00007444                mkl_GPIO::mkl_GPIO()
 .text._ZN12mkl_GPIOPortC2E8gpio_Pin
                0x00007458       0x5c ./Sources/mkl_GPIOPort.o
                0x00007458                mkl_GPIOPort::mkl_GPIOPort(gpio_Pin)
                0x00007458                mkl_GPIOPort::mkl_GPIOPort(gpio_Pin)
 .text._ZN7mkl_TPM14bindPeripheralEPh
                0x000074b4       0x28 ./Sources/mkl_TPM.o
                0x000074b4                mkl_TPM::bindPeripheral(unsigned char*)
 .text._ZN7mkl_TPM11bindChannelEPhh
                0x000074dc       0x34 ./Sources/mkl_TPM.o
                0x000074dc                mkl_TPM::bindChannel(unsigned char*, unsigned char)
 .text._ZN7mkl_TPM7bindPinEhh
                0x00007510       0x34 ./Sources/mkl_TPM.o
                0x00007510                mkl_TPM::bindPin(unsigned char, unsigned char)
 .text._ZN7mkl_TPM21enablePeripheralClockEh
                0x00007544       0x50 ./Sources/mkl_TPM.o
                0x00007544                mkl_TPM::enablePeripheralClock(unsigned char)
 .text._ZN7mkl_TPM15enableGPIOClockEh
                0x00007594       0x38 ./Sources/mkl_TPM.o
                0x00007594                mkl_TPM::enableGPIOClock(unsigned char)
 .text._ZN7mkl_TPM20selectMuxAlternativeEh
                0x000075cc       0x28 ./Sources/mkl_TPM.o
                0x000075cc                mkl_TPM::selectMuxAlternative(unsigned char)
 .text._ZN7mkl_TPM16setTPMParametersE7tpm_PinRhS1_S1_S1_S1_
                0x000075f4       0x78 ./Sources/mkl_TPM.o
                0x000075f4                mkl_TPM::setTPMParameters(tpm_Pin, unsigned char&, unsigned char&, unsigned char&, unsigned char&, unsigned char&)
 .text._ZN7mkl_TPM14setBaseAddressEhPPh
                0x0000766c       0x30 ./Sources/mkl_TPM.o
                0x0000766c                mkl_TPM::setBaseAddress(unsigned char, unsigned char**)
 .text._ZN7mkl_TPMC2Ev
                0x0000769c       0x14 ./Sources/mkl_TPMDelay.o
                0x0000769c                mkl_TPM::mkl_TPM()
                0x0000769c                mkl_TPM::mkl_TPM()
 .text._ZN12mkl_TPMDelayC2E17tpm_TPMNumberMask
                0x000076b0       0x58 ./Sources/mkl_TPMDelay.o
                0x000076b0                mkl_TPMDelay::mkl_TPMDelay(tpm_TPMNumberMask)
                0x000076b0                mkl_TPMDelay::mkl_TPMDelay(tpm_TPMNumberMask)
 .text._ZN12mkl_TPMDelay12setFrequencyE7tpm_Div
                0x00007708       0x28 ./Sources/mkl_TPMDelay.o
                0x00007708                mkl_TPMDelay::setFrequency(tpm_Div)
 .text._ZN12mkl_TPMDelay10startDelayEt
                0x00007730       0x58 ./Sources/mkl_TPMDelay.o
                0x00007730                mkl_TPMDelay::startDelay(unsigned short)
 .text._ZN12mkl_TPMDelay12timeoutDelayEv
                0x00007788       0x2c ./Sources/mkl_TPMDelay.o
                0x00007788                mkl_TPMDelay::timeoutDelay()
 .text._ZN12mkl_TPMDelay9waitDelayEt
                0x000077b4       0x38 ./Sources/mkl_TPMDelay.o
                0x000077b4                mkl_TPMDelay::waitDelay(unsigned short)
 .text._ZN12mkl_TPMDelay11cancelDelayEv
                0x000077ec       0x20 ./Sources/mkl_TPMDelay.o
                0x000077ec                mkl_TPMDelay::cancelDelay()
 .text._ZN27mkl_TPMPulseWidthModulationC2E7tpm_Pin
                0x0000780c       0xc4 ./Sources/mkl_TPMPulseWidthModulation.o
                0x0000780c                mkl_TPMPulseWidthModulation::mkl_TPMPulseWidthModulation(tpm_Pin)
                0x0000780c                mkl_TPMPulseWidthModulation::mkl_TPMPulseWidthModulation(tpm_Pin)
 .text._ZN27mkl_TPMPulseWidthModulation12setFrequencyE7tpm_Divt
                0x000078d0       0x34 ./Sources/mkl_TPMPulseWidthModulation.o
                0x000078d0                mkl_TPMPulseWidthModulation::setFrequency(tpm_Div, unsigned short)
 .text._ZN27mkl_TPMPulseWidthModulation12setDutyCycleEt
                0x00007904       0x28 ./Sources/mkl_TPMPulseWidthModulation.o
                0x00007904                mkl_TPMPulseWidthModulation::setDutyCycle(unsigned short)
 .text._ZN27mkl_TPMPulseWidthModulation15enableOperationEv
                0x0000792c       0x28 ./Sources/mkl_TPMPulseWidthModulation.o
                0x0000792c                mkl_TPMPulseWidthModulation::enableOperation()
 .text._ZN27mkl_TPMPulseWidthModulation16disableOperationEv
                0x00007954       0x20 ./Sources/mkl_TPMPulseWidthModulation.o
                0x00007954                mkl_TPMPulseWidthModulation::disableOperation()
 .text._ZN27mkl_TPMPulseWidthModulation15setPWMOperationEv
                0x00007974       0x18 ./Sources/mkl_TPMPulseWidthModulation.o
                0x00007974                mkl_TPMPulseWidthModulation::setPWMOperation()
 .text.SystemInit
                0x0000798c       0x18 ./Project_Settings/Startup_Code/system_MKL25Z4.o
                0x0000798c                SystemInit
 .text._ZN6ButtonC2E8gpio_Pin
                0x000079a4       0x3c ./Button.o
                0x000079a4                Button::Button(gpio_Pin)
                0x000079a4                Button::Button(gpio_Pin)
 .text._ZN6Button9isPressedEv
                0x000079e0       0x2c ./Button.o
                0x000079e0                Button::isPressed()
 .text._ZN6BuzzerC2E8gpio_Pin
                0x00007a0c       0x3c ./Buzzer.o
                0x00007a0c                Buzzer::Buzzer(gpio_Pin)
                0x00007a0c                Buzzer::Buzzer(gpio_Pin)
 .text._ZN6Buzzer12buzzerTurnOnEv
                0x00007a48       0x18 ./Buzzer.o
                0x00007a48                Buzzer::buzzerTurnOn()
 .text._ZN6Buzzer13buzzerTurnOffEv
                0x00007a60       0x18 ./Buzzer.o
                0x00007a60                Buzzer::buzzerTurnOff()
 .text._ZN14ControlServiceC2EP16OperationServiceP6ButtonS3_S3_P3KeyP16SignalingService
                0x00007a78       0x60 ./ControlService.o
                0x00007a78                ControlService::ControlService(OperationService*, Button*, Button*, Button*, Key*, SignalingService*)
                0x00007a78                ControlService::ControlService(OperationService*, Button*, Button*, Button*, Key*, SignalingService*)
 .text._ZN14ControlService10readInputsEv
                0x00007ad8       0x9c ./ControlService.o
                0x00007ad8                ControlService::readInputs()
 .text._ZN14ControlService13selectServiceEv
                0x00007b74       0xd0 ./ControlService.o
                0x00007b74                ControlService::selectService()
 .text._ZN14ControlService9doServiceEv
                0x00007c44       0x10 ./ControlService.o
                0x00007c44                ControlService::doService()
 .text._ZN14ControlService12writeOutputsEv
                0x00007c54       0xac ./ControlService.o
                0x00007c54                ControlService::writeOutputs()
 .text._ZN5DelayC2E17tpm_TPMNumberMask
                0x00007d00       0x30 ./Delay.o
                0x00007d00                Delay::Delay(tpm_TPMNumberMask)
                0x00007d00                Delay::Delay(tpm_TPMNumberMask)
 .text._ZN5Delay5delayEv
                0x00007d30       0x20 ./Delay.o
                0x00007d30                Delay::delay()
 .text._ZN3KeyC2E8gpio_Pin
                0x00007d50       0x3c ./Key.o
                0x00007d50                Key::Key(gpio_Pin)
                0x00007d50                Key::Key(gpio_Pin)
 .text._ZN3Key4isOnEv
                0x00007d8c       0x2c ./Key.o
                0x00007d8c                Key::isOn()
 .text._ZN3LedC2E8gpio_Pin
                0x00007db8       0x3c ./Led.o
                0x00007db8                Led::Led(gpio_Pin)
                0x00007db8                Led::Led(gpio_Pin)
 .text._ZN3Led9LedTurnOnEv
                0x00007df4       0x18 ./Led.o
                0x00007df4                Led::LedTurnOn()
 .text._ZN3Led10LedTurnOffEv
                0x00007e0c       0x18 ./Led.o
                0x00007e0c                Led::LedTurnOff()
 .text._ZN7MotorDcC2E8gpio_PinS0_7tpm_Pin
                0x00007e24      0x128 ./MotorDc.o
                0x00007e24                MotorDc::MotorDc(gpio_Pin, gpio_Pin, tpm_Pin)
                0x00007e24                MotorDc::MotorDc(gpio_Pin, gpio_Pin, tpm_Pin)
 .text._ZN7MotorDc8setPortAEb
                0x00007f4c       0x24 ./MotorDc.o
                0x00007f4c                MotorDc::setPortA(bool)
 .text._ZN7MotorDc8setPortBEb
                0x00007f70       0x28 ./MotorDc.o
                0x00007f70                MotorDc::setPortB(bool)
 .text._ZN7MotorDc12setDutyCicleEh
                0x00007f98       0x20 ./MotorDc.o
                0x00007f98                MotorDc::setDutyCicle(unsigned char)
 .text._ZN7MotorDc15enableOperationEv
                0x00007fb8       0x18 ./MotorDc.o
                0x00007fb8                MotorDc::enableOperation()
 .text._ZN7MotorDc16disableOperationEv
                0x00007fd0       0x18 ./MotorDc.o
                0x00007fd0                MotorDc::disableOperation()
 .text._ZN7MotorDc12getDutyCicleEv
                0x00007fe8       0x18 ./MotorDc.o
                0x00007fe8                MotorDc::getDutyCicle()
 .text._ZN16OperationServiceC2EP15RotatingServiceP16SignalingServiceP5Delay
                0x00008000       0x2c ./OperationService.o
                0x00008000                OperationService::OperationService(RotatingService*, SignalingService*, Delay*)
                0x00008000                OperationService::OperationService(RotatingService*, SignalingService*, Delay*)
 .text._ZN16OperationService7startOPEv
                0x0000802c       0x2c ./OperationService.o
                0x0000802c                OperationService::startOP()
 .text._ZN16OperationService7pauseOPEv
                0x00008058       0x24 ./OperationService.o
                0x00008058                OperationService::pauseOP()
 .text._ZN16OperationService8cancelOPEv
                0x0000807c       0x24 ./OperationService.o
                0x0000807c                OperationService::cancelOP()
 .text._ZN16OperationService5endOPEv
                0x000080a0       0x5c ./OperationService.o
                0x000080a0                OperationService::endOP()
 .text._ZN16OperationService8openDoorEv
                0x000080fc       0x18 ./OperationService.o
                0x000080fc                OperationService::openDoor()
 .text._ZN16OperationService10closedDoorEv
                0x00008114       0x18 ./OperationService.o
                0x00008114                OperationService::closedDoor()
 .text._ZN15RotatingServiceC2EP7MotorDc
                0x0000812c       0x1c ./RotatingService.o
                0x0000812c                RotatingService::RotatingService(MotorDc*)
                0x0000812c                RotatingService::RotatingService(MotorDc*)
 .text._ZN15RotatingService11motorTurnOnEv
                0x00008148       0x48 ./RotatingService.o
                0x00008148                RotatingService::motorTurnOn()
 .text._ZN15RotatingService12motorTurnOffEv
                0x00008190       0x3c ./RotatingService.o
                0x00008190                RotatingService::motorTurnOff()
 .text._ZN16SignalingServiceC2EP3LedS1_P6BuzzerP5Delay
                0x000081cc       0x38 ./SignalingService.o
                0x000081cc                SignalingService::SignalingService(Led*, Led*, Buzzer*, Delay*)
                0x000081cc                SignalingService::SignalingService(Led*, Led*, Buzzer*, Delay*)
 .text._ZN16SignalingService6beepOnEv
                0x00008204       0x18 ./SignalingService.o
                0x00008204                SignalingService::beepOn()
 .text._ZN16SignalingService7beepOffEv
                0x0000821c       0x18 ./SignalingService.o
                0x0000821c                SignalingService::beepOff()
 .text._ZN16SignalingService13lampadaTurnOnEv
                0x00008234       0x18 ./SignalingService.o
                0x00008234                SignalingService::lampadaTurnOn()
 .text._ZN16SignalingService14lampadaTurnOffEv
                0x0000824c       0x18 ./SignalingService.o
                0x0000824c                SignalingService::lampadaTurnOff()
 .text._ZN16SignalingService10tempTurnOnEv
                0x00008264       0x18 ./SignalingService.o
                0x00008264                SignalingService::tempTurnOn()
 .text._ZN16SignalingService11tempTurnOffEv
                0x0000827c       0x18 ./SignalingService.o
                0x0000827c                SignalingService::tempTurnOff()
 .text._ZN16SignalingService9delayServEv
                0x00008294       0x18 ./SignalingService.o
                0x00008294                SignalingService::delayServ()
 .text.main     0x000082ac      0x1e0 ./main.o
                0x000082ac                main
 .text.__cxa_end_cleanup
                0x0000848c        0xc c:/freescale/kds_v3/toolchain/bin/../lib/gcc/arm-none-eabi/4.8.4/../../../../arm-none-eabi/lib/armv6-m\libstdc++_s.a(eh_arm.o)
                0x0000848c                __cxa_end_cleanup
 .text._ZN10__cxxabiv1L24__is_gxx_exception_classEPc
                0x00008498       0x3a c:/freescale/kds_v3/toolchain/bin/../lib/gcc/arm-none-eabi/4.8.4/../../../../arm-none-eabi/lib/armv6-m\libstdc++_s.a(eh_arm.o)
 *fill*         0x000084d2        0x2 
 .text.__cxa_type_match
                0x000084d4       0xbc c:/freescale/kds_v3/toolchain/bin/../lib/gcc/arm-none-eabi/4.8.4/../../../../arm-none-eabi/lib/armv6-m\libstdc++_s.a(eh_arm.o)
                0x000084d4                __cxa_type_match
 .text.__cxa_begin_cleanup
                0x00008590       0x38 c:/freescale/kds_v3/toolchain/bin/../lib/gcc/arm-none-eabi/4.8.4/../../../../arm-none-eabi/lib/armv6-m\libstdc++_s.a(eh_arm.o)
                0x00008590                __cxa_begin_cleanup
 .text.__gnu_end_cleanup
                0x000085c8       0x38 c:/freescale/kds_v3/toolchain/bin/../lib/gcc/arm-none-eabi/4.8.4/../../../../arm-none-eabi/lib/armv6-m\libstdc++_s.a(eh_arm.o)
                0x000085c8                __gnu_end_cleanup
 .text._ZN10__cxxabiv111__terminateEPFvvE
                0x00008600        0x8 c:/freescale/kds_v3/toolchain/bin/../lib/gcc/arm-none-eabi/4.8.4/../../../../arm-none-eabi/lib/armv6-m\libstdc++_s.a(eh_terminate.o)
                0x00008600                __cxxabiv1::__terminate(void (*)())
 .text._ZSt9terminatev
                0x00008608       0x10 c:/freescale/kds_v3/toolchain/bin/../lib/gcc/arm-none-eabi/4.8.4/../../../../arm-none-eabi/lib/armv6-m\libstdc++_s.a(eh_terminate.o)
                0x00008608                std::terminate()
 .text._ZN10__cxxabiv112__unexpectedEPFvvE
                0x00008618        0x8 c:/freescale/kds_v3/toolchain/bin/../lib/gcc/arm-none-eabi/4.8.4/../../../../arm-none-eabi/lib/armv6-m\libstdc++_s.a(eh_terminate.o)
                0x00008618                __cxxabiv1::__unexpected(void (*)())
 .text._ZSt10unexpectedv
                0x00008620       0x10 c:/freescale/kds_v3/toolchain/bin/../lib/gcc/arm-none-eabi/4.8.4/../../../../arm-none-eabi/lib/armv6-m\libstdc++_s.a(eh_terminate.o)
                0x00008620                std::unexpected()
 .text._Znwj    0x00008630       0x28 c:/freescale/kds_v3/toolchain/bin/../lib/gcc/arm-none-eabi/4.8.4/../../../../arm-none-eabi/lib/armv6-m\libstdc++_s.a(new_op.o)
                0x00008630                operator new(unsigned int)
 .text._ZdlPv   0x00008658        0xc c:/freescale/kds_v3/toolchain/bin/../lib/gcc/arm-none-eabi/4.8.4/../../../../arm-none-eabi/lib/armv6-m\libstdc++_s.a(del_op.o)
                0x00008658                operator delete(void*)
 .text._ZL12read_uleb128PKhPm
                0x00008664       0x30 c:/freescale/kds_v3/toolchain/bin/../lib/gcc/arm-none-eabi/4.8.4/../../../../arm-none-eabi/lib/armv6-m\libstdc++_s.a(eh_personality.o)
 .text._ZL12read_sleb128PKhPl
                0x00008694       0x30 c:/freescale/kds_v3/toolchain/bin/../lib/gcc/arm-none-eabi/4.8.4/../../../../arm-none-eabi/lib/armv6-m\libstdc++_s.a(eh_personality.o)
 .text._ZL28read_encoded_value_with_basehjPKhPj
                0x000086c4       0xb4 c:/freescale/kds_v3/toolchain/bin/../lib/gcc/arm-none-eabi/4.8.4/../../../../arm-none-eabi/lib/armv6-m\libstdc++_s.a(eh_personality.o)
 .text._ZL21base_of_encoded_valuehP15_Unwind_Context
                0x00008778       0x44 c:/freescale/kds_v3/toolchain/bin/../lib/gcc/arm-none-eabi/4.8.4/../../../../arm-none-eabi/lib/armv6-m\libstdc++_s.a(eh_personality.o)
 .text._ZL18read_encoded_valueP15_Unwind_ContexthPKhPj
                0x000087bc       0x20 c:/freescale/kds_v3/toolchain/bin/../lib/gcc/arm-none-eabi/4.8.4/../../../../arm-none-eabi/lib/armv6-m\libstdc++_s.a(eh_personality.o)
 .text._ZL17parse_lsda_headerP15_Unwind_ContextPKhP16lsda_header_info
                0x000087dc       0x5e c:/freescale/kds_v3/toolchain/bin/../lib/gcc/arm-none-eabi/4.8.4/../../../../arm-none-eabi/lib/armv6-m\libstdc++_s.a(eh_personality.o)
 .text._Unwind_GetGR
                0x0000883a       0x16 c:/freescale/kds_v3/toolchain/bin/../lib/gcc/arm-none-eabi/4.8.4/../../../../arm-none-eabi/lib/armv6-m\libstdc++_s.a(eh_personality.o)
 .text.__gxx_personality_v0
                0x00008850      0x330 c:/freescale/kds_v3/toolchain/bin/../lib/gcc/arm-none-eabi/4.8.4/../../../../arm-none-eabi/lib/armv6-m\libstdc++_s.a(eh_personality.o)
                0x00008850                __gxx_personality_v0
 .text.__cxa_get_globals
                0x00008b80        0x8 c:/freescale/kds_v3/toolchain/bin/../lib/gcc/arm-none-eabi/4.8.4/../../../../arm-none-eabi/lib/armv6-m\libstdc++_s.a(eh_globals.o)
                0x00008b80                __cxa_get_globals
 .text._ZN9__gnu_cxx27__verbose_terminate_handlerEv
                0x00008b88       0xa0 c:/freescale/kds_v3/toolchain/bin/../lib/gcc/arm-none-eabi/4.8.4/../../../../arm-none-eabi/lib/armv6-m\libstdc++_s.a(vterminate.o)
                0x00008b88                __gnu_cxx::__verbose_terminate_handler()
 .text.__cxa_current_exception_type
                0x00008c28       0x1e c:/freescale/kds_v3/toolchain/bin/../lib/gcc/arm-none-eabi/4.8.4/../../../../arm-none-eabi/lib/armv6-m\libstdc++_s.a(eh_type.o)
                0x00008c28                __cxa_current_exception_type
 .text._ZN10__cxxabiv1L24__is_gxx_exception_classEPc
                0x00008c46       0x3a c:/freescale/kds_v3/toolchain/bin/../lib/gcc/arm-none-eabi/4.8.4/../../../../arm-none-eabi/lib/armv6-m\libstdc++_s.a(eh_call.o)
 .text.__cxa_call_terminate
                0x00008c80       0x20 c:/freescale/kds_v3/toolchain/bin/../lib/gcc/arm-none-eabi/4.8.4/../../../../arm-none-eabi/lib/armv6-m\libstdc++_s.a(eh_call.o)
                0x00008c80                __cxa_call_terminate
 .text.__cxa_call_unexpected
                0x00008ca0       0x2e c:/freescale/kds_v3/toolchain/bin/../lib/gcc/arm-none-eabi/4.8.4/../../../../arm-none-eabi/lib/armv6-m\libstdc++_s.a(eh_call.o)
                0x00008ca0                __cxa_call_unexpected
 .text._ZN10__cxxabiv1L24__is_gxx_exception_classEPc
                0x00008cce       0x3a c:/freescale/kds_v3/toolchain/bin/../lib/gcc/arm-none-eabi/4.8.4/../../../../arm-none-eabi/lib/armv6-m\libstdc++_s.a(eh_catch.o)
 .text.__cxa_begin_catch
                0x00008d08       0x4e c:/freescale/kds_v3/toolchain/bin/../lib/gcc/arm-none-eabi/4.8.4/../../../../arm-none-eabi/lib/armv6-m\libstdc++_s.a(eh_catch.o)
                0x00008d08                __cxa_begin_catch
 .text._ZNK10__cxxabiv117__class_type_info11__do_upcastEPKS0_PPv
                0x00008d56       0x34 c:/freescale/kds_v3/toolchain/bin/../lib/gcc/arm-none-eabi/4.8.4/../../../../arm-none-eabi/lib/armv6-m\libstdc++_s.a(class_type_info.o)
                0x00008d56                __cxxabiv1::__class_type_info::__do_upcast(__cxxabiv1::__class_type_info const*, void**) const
 .text._ZNK10__cxxabiv117__class_type_info20__do_find_public_srcEiPKvPKS0_S2_
                0x00008d8a        0xc c:/freescale/kds_v3/toolchain/bin/../lib/gcc/arm-none-eabi/4.8.4/../../../../arm-none-eabi/lib/armv6-m\libstdc++_s.a(class_type_info.o)
                0x00008d8a                __cxxabiv1::__class_type_info::__do_find_public_src(int, void const*, __cxxabiv1::__class_type_info const*, void const*) const
 *fill*         0x00008d96        0x2 
 .text._ZN10__cxxabiv117__class_type_infoD2Ev
                0x00008d98       0x18 c:/freescale/kds_v3/toolchain/bin/../lib/gcc/arm-none-eabi/4.8.4/../../../../arm-none-eabi/lib/armv6-m\libstdc++_s.a(class_type_info.o)
                0x00008d98                __cxxabiv1::__class_type_info::~__class_type_info()
                0x00008d98                __cxxabiv1::__class_type_info::~__class_type_info()
 .text._ZN10__cxxabiv117__class_type_infoD0Ev
                0x00008db0       0x12 c:/freescale/kds_v3/toolchain/bin/../lib/gcc/arm-none-eabi/4.8.4/../../../../arm-none-eabi/lib/armv6-m\libstdc++_s.a(class_type_info.o)
                0x00008db0                __cxxabiv1::__class_type_info::~__class_type_info()
 .text._ZNK10__cxxabiv117__class_type_info11__do_upcastEPKS0_PKvRNS0_15__upcast_resultE
                0x00008dc2       0x20 c:/freescale/kds_v3/toolchain/bin/../lib/gcc/arm-none-eabi/4.8.4/../../../../arm-none-eabi/lib/armv6-m\libstdc++_s.a(class_type_info.o)
                0x00008dc2                __cxxabiv1::__class_type_info::__do_upcast(__cxxabiv1::__class_type_info const*, void const*, __cxxabiv1::__class_type_info::__upcast_result&) const
 .text._ZNK10__cxxabiv117__class_type_info10__do_catchEPKSt9type_infoPPvj
                0x00008de2       0x2a c:/freescale/kds_v3/toolchain/bin/../lib/gcc/arm-none-eabi/4.8.4/../../../../arm-none-eabi/lib/armv6-m\libstdc++_s.a(class_type_info.o)
                0x00008de2                __cxxabiv1::__class_type_info::__do_catch(std::type_info const*, void**, unsigned int) const
 .text._ZNK10__cxxabiv117__class_type_info12__do_dyncastEiNS0_10__sub_kindEPKS0_PKvS3_S5_RNS0_16__dyncast_resultE
                0x00008e0c       0x3a c:/freescale/kds_v3/toolchain/bin/../lib/gcc/arm-none-eabi/4.8.4/../../../../arm-none-eabi/lib/armv6-m\libstdc++_s.a(class_type_info.o)
                0x00008e0c                __cxxabiv1::__class_type_info::__do_dyncast(int, __cxxabiv1::__class_type_info::__sub_kind, __cxxabiv1::__class_type_info const*, void const*, __cxxabiv1::__class_type_info const*, void const*, __cxxabiv1::__class_type_info::__dyncast_result&) const
 *fill*         0x00008e46        0x2 
 .text._ZN10__cxxabiv120__si_class_type_infoD2Ev
                0x00008e48       0x18 c:/freescale/kds_v3/toolchain/bin/../lib/gcc/arm-none-eabi/4.8.4/../../../../arm-none-eabi/lib/armv6-m\libstdc++_s.a(si_class_type_info.o)
                0x00008e48                __cxxabiv1::__si_class_type_info::~__si_class_type_info()
                0x00008e48                __cxxabiv1::__si_class_type_info::~__si_class_type_info()
 .text._ZN10__cxxabiv120__si_class_type_infoD0Ev
                0x00008e60       0x12 c:/freescale/kds_v3/toolchain/bin/../lib/gcc/arm-none-eabi/4.8.4/../../../../arm-none-eabi/lib/armv6-m\libstdc++_s.a(si_class_type_info.o)
                0x00008e60                __cxxabiv1::__si_class_type_info::~__si_class_type_info()
 .text._ZNK10__cxxabiv120__si_class_type_info20__do_find_public_srcEiPKvPKNS_17__class_type_infoES2_
                0x00008e72       0x32 c:/freescale/kds_v3/toolchain/bin/../lib/gcc/arm-none-eabi/4.8.4/../../../../arm-none-eabi/lib/armv6-m\libstdc++_s.a(si_class_type_info.o)
                0x00008e72                __cxxabiv1::__si_class_type_info::__do_find_public_src(int, void const*, __cxxabiv1::__class_type_info const*, void const*) const
 .text._ZNK10__cxxabiv120__si_class_type_info12__do_dyncastEiNS_17__class_type_info10__sub_kindEPKS1_PKvS4_S6_RNS1_16__dyncast_resultE
                0x00008ea4       0x7c c:/freescale/kds_v3/toolchain/bin/../lib/gcc/arm-none-eabi/4.8.4/../../../../arm-none-eabi/lib/armv6-m\libstdc++_s.a(si_class_type_info.o)
                0x00008ea4                __cxxabiv1::__si_class_type_info::__do_dyncast(int, __cxxabiv1::__class_type_info::__sub_kind, __cxxabiv1::__class_type_info const*, void const*, __cxxabiv1::__class_type_info const*, void const*, __cxxabiv1::__class_type_info::__dyncast_result&) const
 .text._ZNK10__cxxabiv120__si_class_type_info11__do_upcastEPKNS_17__class_type_infoEPKvRNS1_15__upcast_resultE
                0x00008f20       0x26 c:/freescale/kds_v3/toolchain/bin/../lib/gcc/arm-none-eabi/4.8.4/../../../../arm-none-eabi/lib/armv6-m\libstdc++_s.a(si_class_type_info.o)
                0x00008f20                __cxxabiv1::__si_class_type_info::__do_upcast(__cxxabiv1::__class_type_info const*, void const*, __cxxabiv1::__class_type_info::__upcast_result&) const
 *fill*         0x00008f46        0x2 
 .text._ZNSt9type_infoD2Ev
                0x00008f48        0xc c:/freescale/kds_v3/toolchain/bin/../lib/gcc/arm-none-eabi/4.8.4/../../../../arm-none-eabi/lib/armv6-m\libstdc++_s.a(tinfo.o)
                0x00008f48                std::type_info::~type_info()
                0x00008f48                std::type_info::~type_info()
 .text._ZNKSt9type_info14__is_pointer_pEv
                0x00008f54        0x4 c:/freescale/kds_v3/toolchain/bin/../lib/gcc/arm-none-eabi/4.8.4/../../../../arm-none-eabi/lib/armv6-m\libstdc++_s.a(tinfo.o)
                0x00008f54                std::type_info::__is_pointer_p() const
 .text._ZNKSt9type_info15__is_function_pEv
                0x00008f58        0x4 c:/freescale/kds_v3/toolchain/bin/../lib/gcc/arm-none-eabi/4.8.4/../../../../arm-none-eabi/lib/armv6-m\libstdc++_s.a(tinfo.o)
                0x00008f58                std::type_info::__is_function_p() const
 .text._ZNKSt9type_info11__do_upcastEPKN10__cxxabiv117__class_type_infoEPPv
                0x00008f5c        0x4 c:/freescale/kds_v3/toolchain/bin/../lib/gcc/arm-none-eabi/4.8.4/../../../../arm-none-eabi/lib/armv6-m\libstdc++_s.a(tinfo.o)
                0x00008f5c                std::type_info::__do_upcast(__cxxabiv1::__class_type_info const*, void**) const
 .text._ZNSt9type_infoD0Ev
                0x00008f60       0x18 c:/freescale/kds_v3/toolchain/bin/../lib/gcc/arm-none-eabi/4.8.4/../../../../arm-none-eabi/lib/armv6-m\libstdc++_s.a(tinfo.o)
                0x00008f60                std::type_info::~type_info()
 .text._ZNKSt9type_infoeqERKS_
                0x00008f78       0x2e c:/freescale/kds_v3/toolchain/bin/../lib/gcc/arm-none-eabi/4.8.4/../../../../arm-none-eabi/lib/armv6-m\libstdc++_s.a(tinfo.o)
                0x00008f78                std::type_info::operator==(std::type_info const&) const
 .text._ZNKSt9type_info10__do_catchEPKS_PPvj
                0x00008fa6        0x8 c:/freescale/kds_v3/toolchain/bin/../lib/gcc/arm-none-eabi/4.8.4/../../../../arm-none-eabi/lib/armv6-m\libstdc++_s.a(tinfo.o)
                0x00008fa6                std::type_info::__do_catch(std::type_info const*, void**, unsigned int) const
 .text.abort    0x00008fae        0xe c:/freescale/kds_v3/toolchain/bin/../lib/gcc/arm-none-eabi/4.8.4/../../../../arm-none-eabi/lib/armv6-m\libg_s.a(lib_a-abort.o)
                0x00008fae                abort
 .text.exit     0x00008fbc       0x2c c:/freescale/kds_v3/toolchain/bin/../lib/gcc/arm-none-eabi/4.8.4/../../../../arm-none-eabi/lib/armv6-m\libg_s.a(lib_a-exit.o)
                0x00008fbc                exit
 .text._fputs_r
                0x00008fe8       0xa8 c:/freescale/kds_v3/toolchain/bin/../lib/gcc/arm-none-eabi/4.8.4/../../../../arm-none-eabi/lib/armv6-m\libg_s.a(lib_a-fputs.o)
                0x00008fe8                _fputs_r
 .text.fputs    0x00009090       0x18 c:/freescale/kds_v3/toolchain/bin/../lib/gcc/arm-none-eabi/4.8.4/../../../../arm-none-eabi/lib/armv6-m\libg_s.a(lib_a-fputs.o)
                0x00009090                fputs
 .text.__libc_init_array
                0x000090a8       0x4c c:/freescale/kds_v3/toolchain/bin/../lib/gcc/arm-none-eabi/4.8.4/../../../../arm-none-eabi/lib/armv6-m\libg_s.a(lib_a-init.o)
                0x000090a8                __libc_init_array
 .text.malloc   0x000090f4       0x14 c:/freescale/kds_v3/toolchain/bin/../lib/gcc/arm-none-eabi/4.8.4/../../../../arm-none-eabi/lib/armv6-m\libg_s.a(lib_a-malloc.o)
                0x000090f4                malloc
 .text.free     0x00009108       0x14 c:/freescale/kds_v3/toolchain/bin/../lib/gcc/arm-none-eabi/4.8.4/../../../../arm-none-eabi/lib/armv6-m\libg_s.a(lib_a-malloc.o)
                0x00009108                free
 .text.memcmp   0x0000911c       0x1e c:/freescale/kds_v3/toolchain/bin/../lib/gcc/arm-none-eabi/4.8.4/../../../../arm-none-eabi/lib/armv6-m\libg_s.a(lib_a-memcmp.o)
                0x0000911c                memcmp
 .text.memcpy   0x0000913a       0x12 c:/freescale/kds_v3/toolchain/bin/../lib/gcc/arm-none-eabi/4.8.4/../../../../arm-none-eabi/lib/armv6-m\libg_s.a(lib_a-memcpy-stub.o)
                0x0000913a                memcpy
 .text.memset   0x0000914c       0x10 c:/freescale/kds_v3/toolchain/bin/../lib/gcc/arm-none-eabi/4.8.4/../../../../arm-none-eabi/lib/armv6-m\libg_s.a(lib_a-memset.o)
                0x0000914c                memset
 .text._free_r  0x0000915c       0x90 c:/freescale/kds_v3/toolchain/bin/../lib/gcc/arm-none-eabi/4.8.4/../../../../arm-none-eabi/lib/armv6-m\libg_s.a(lib_a-nano-freer.o)
                0x0000915c                _free_r
 .text._malloc_r
                0x000091ec       0xa8 c:/freescale/kds_v3/toolchain/bin/../lib/gcc/arm-none-eabi/4.8.4/../../../../arm-none-eabi/lib/armv6-m\libg_s.a(lib_a-nano-mallocr.o)
                0x000091ec                _malloc_r
 .text.realloc  0x00009294       0x18 c:/freescale/kds_v3/toolchain/bin/../lib/gcc/arm-none-eabi/4.8.4/../../../../arm-none-eabi/lib/armv6-m\libg_s.a(lib_a-realloc.o)
                0x00009294                realloc
 .text._sbrk_r  0x000092ac       0x24 c:/freescale/kds_v3/toolchain/bin/../lib/gcc/arm-none-eabi/4.8.4/../../../../arm-none-eabi/lib/armv6-m\libg_s.a(lib_a-sbrkr.o)
                0x000092ac                _sbrk_r
 .text._raise_r
                0x000092d0       0x56 c:/freescale/kds_v3/toolchain/bin/../lib/gcc/arm-none-eabi/4.8.4/../../../../arm-none-eabi/lib/armv6-m\libg_s.a(lib_a-signal.o)
                0x000092d0                _raise_r
 *fill*         0x00009326        0x2 
 .text.raise    0x00009328       0x14 c:/freescale/kds_v3/toolchain/bin/../lib/gcc/arm-none-eabi/4.8.4/../../../../arm-none-eabi/lib/armv6-m\libg_s.a(lib_a-signal.o)
                0x00009328                raise
 .text._kill_r  0x0000933c       0x24 c:/freescale/kds_v3/toolchain/bin/../lib/gcc/arm-none-eabi/4.8.4/../../../../arm-none-eabi/lib/armv6-m\libg_s.a(lib_a-signalr.o)
                0x0000933c                _kill_r
 .text._getpid_r
                0x00009360        0x8 c:/freescale/kds_v3/toolchain/bin/../lib/gcc/arm-none-eabi/4.8.4/../../../../arm-none-eabi/lib/armv6-m\libg_s.a(lib_a-signalr.o)
                0x00009360                _getpid_r
 .text.sprintf  0x00009368       0x44 c:/freescale/kds_v3/toolchain/bin/../lib/gcc/arm-none-eabi/4.8.4/../../../../arm-none-eabi/lib/armv6-m\libg_s.a(lib_a-sprintf.o)
                0x00009368                siprintf
                0x00009368                sprintf
 .text.strlen   0x000093ac        0xe c:/freescale/kds_v3/toolchain/bin/../lib/gcc/arm-none-eabi/4.8.4/../../../../arm-none-eabi/lib/armv6-m\libg_s.a(lib_a-strlen.o)
                0x000093ac                strlen
 .text.strncmp  0x000093ba       0x2c c:/freescale/kds_v3/toolchain/bin/../lib/gcc/arm-none-eabi/4.8.4/../../../../arm-none-eabi/lib/armv6-m\libg_s.a(lib_a-strncmp.o)
                0x000093ba                strncmp
 *fill*         0x000093e6        0x2 
 .text.__ssputs_r
                0x000093e8       0xc0 c:/freescale/kds_v3/toolchain/bin/../lib/gcc/arm-none-eabi/4.8.4/../../../../arm-none-eabi/lib/armv6-m\libg_s.a(lib_a-svfprintf.o)
                0x000093e8                __ssputs_r
 .text._svfprintf_r
                0x000094a8      0x1e0 c:/freescale/kds_v3/toolchain/bin/../lib/gcc/arm-none-eabi/4.8.4/../../../../arm-none-eabi/lib/armv6-m\libg_s.a(lib_a-svfprintf.o)
                0x000094a8                _svfiprintf_r
                0x000094a8                _svfprintf_r
 .text._printf_common
                0x00009688       0xe8 c:/freescale/kds_v3/toolchain/bin/../lib/gcc/arm-none-eabi/4.8.4/../../../../arm-none-eabi/lib/armv6-m\libg_s.a(lib_a-vfprintf_i.o)
                0x00009688                _printf_common
 .text._printf_i
                0x00009770      0x22c c:/freescale/kds_v3/toolchain/bin/../lib/gcc/arm-none-eabi/4.8.4/../../../../arm-none-eabi/lib/armv6-m\libg_s.a(lib_a-vfprintf_i.o)
                0x00009770                _printf_i
 .text.__swbuf_r
                0x0000999c       0xb0 c:/freescale/kds_v3/toolchain/bin/../lib/gcc/arm-none-eabi/4.8.4/../../../../arm-none-eabi/lib/armv6-m\libg_s.a(lib_a-wbuf.o)
                0x0000999c                __swbuf_r
 .text._write_r
                0x00009a4c       0x28 c:/freescale/kds_v3/toolchain/bin/../lib/gcc/arm-none-eabi/4.8.4/../../../../arm-none-eabi/lib/armv6-m\libg_s.a(lib_a-writer.o)
                0x00009a4c                _write_r
 .text.__swsetup_r
                0x00009a74       0xe4 c:/freescale/kds_v3/toolchain/bin/../lib/gcc/arm-none-eabi/4.8.4/../../../../arm-none-eabi/lib/armv6-m\libg_s.a(lib_a-wsetup.o)
                0x00009a74                __swsetup_r
 .text.__sflush_r
                0x00009b58      0x112 c:/freescale/kds_v3/toolchain/bin/../lib/gcc/arm-none-eabi/4.8.4/../../../../arm-none-eabi/lib/armv6-m\libg_s.a(lib_a-fflush.o)
                0x00009b58                __sflush_r
 *fill*         0x00009c6a        0x2 
 .text._fflush_r
                0x00009c6c       0x58 c:/freescale/kds_v3/toolchain/bin/../lib/gcc/arm-none-eabi/4.8.4/../../../../arm-none-eabi/lib/armv6-m\libg_s.a(lib_a-fflush.o)
                0x00009c6c                _fflush_r
 .text._cleanup_r
                0x00009cc4       0x34 c:/freescale/kds_v3/toolchain/bin/../lib/gcc/arm-none-eabi/4.8.4/../../../../arm-none-eabi/lib/armv6-m\libg_s.a(lib_a-findfp.o)
                0x00009cc4                _cleanup_r
 .text.std.isra.0
                0x00009cf8       0x48 c:/freescale/kds_v3/toolchain/bin/../lib/gcc/arm-none-eabi/4.8.4/../../../../arm-none-eabi/lib/armv6-m\libg_s.a(lib_a-findfp.o)
 .text.__sfmoreglue
                0x00009d40       0x2c c:/freescale/kds_v3/toolchain/bin/../lib/gcc/arm-none-eabi/4.8.4/../../../../arm-none-eabi/lib/armv6-m\libg_s.a(lib_a-findfp.o)
                0x00009d40                __sfmoreglue
 .text.__sinit  0x00009d6c       0x64 c:/freescale/kds_v3/toolchain/bin/../lib/gcc/arm-none-eabi/4.8.4/../../../../arm-none-eabi/lib/armv6-m\libg_s.a(lib_a-findfp.o)
                0x00009d6c                __sinit
 .text.__sfp    0x00009dd0       0x7c c:/freescale/kds_v3/toolchain/bin/../lib/gcc/arm-none-eabi/4.8.4/../../../../arm-none-eabi/lib/armv6-m\libg_s.a(lib_a-findfp.o)
                0x00009dd0                __sfp
 .text.__smakebuf_r
                0x00009e4c       0xa0 c:/freescale/kds_v3/toolchain/bin/../lib/gcc/arm-none-eabi/4.8.4/../../../../arm-none-eabi/lib/armv6-m\libg_s.a(lib_a-makebuf.o)
                0x00009e4c                __smakebuf_r
 .text.memchr   0x00009eec       0x16 c:/freescale/kds_v3/toolchain/bin/../lib/gcc/arm-none-eabi/4.8.4/../../../../arm-none-eabi/lib/armv6-m\libg_s.a(lib_a-memchr-stub.o)
                0x00009eec                memchr
 .text.memmove  0x00009f02       0x32 c:/freescale/kds_v3/toolchain/bin/../lib/gcc/arm-none-eabi/4.8.4/../../../../arm-none-eabi/lib/armv6-m\libg_s.a(lib_a-memmove.o)
                0x00009f02                memmove
 .text._realloc_r
                0x00009f34       0x4c c:/freescale/kds_v3/toolchain/bin/../lib/gcc/arm-none-eabi/4.8.4/../../../../arm-none-eabi/lib/armv6-m\libg_s.a(lib_a-nano-reallocr.o)
                0x00009f34                _realloc_r
 .text.__sread  0x00009f80       0x28 c:/freescale/kds_v3/toolchain/bin/../lib/gcc/arm-none-eabi/4.8.4/../../../../arm-none-eabi/lib/armv6-m\libg_s.a(lib_a-stdio.o)
                0x00009f80                __sread
 .text.__swrite
                0x00009fa8       0x38 c:/freescale/kds_v3/toolchain/bin/../lib/gcc/arm-none-eabi/4.8.4/../../../../arm-none-eabi/lib/armv6-m\libg_s.a(lib_a-stdio.o)
                0x00009fa8                __swrite
 .text.__sseek  0x00009fe0       0x2c c:/freescale/kds_v3/toolchain/bin/../lib/gcc/arm-none-eabi/4.8.4/../../../../arm-none-eabi/lib/armv6-m\libg_s.a(lib_a-stdio.o)
                0x00009fe0                __sseek
 .text.__sclose
                0x0000a00c        0xc c:/freescale/kds_v3/toolchain/bin/../lib/gcc/arm-none-eabi/4.8.4/../../../../arm-none-eabi/lib/armv6-m\libg_s.a(lib_a-stdio.o)
                0x0000a00c                __sclose
 .text._close_r
                0x0000a018       0x24 c:/freescale/kds_v3/toolchain/bin/../lib/gcc/arm-none-eabi/4.8.4/../../../../arm-none-eabi/lib/armv6-m\libg_s.a(lib_a-closer.o)
                0x0000a018                _close_r
 .text._fstat_r
                0x0000a03c       0x24 c:/freescale/kds_v3/toolchain/bin/../lib/gcc/arm-none-eabi/4.8.4/../../../../arm-none-eabi/lib/armv6-m\libg_s.a(lib_a-fstatr.o)
                0x0000a03c                _fstat_r
 .text._isatty_r
                0x0000a060       0x24 c:/freescale/kds_v3/toolchain/bin/../lib/gcc/arm-none-eabi/4.8.4/../../../../arm-none-eabi/lib/armv6-m\libg_s.a(lib_a-isattyr.o)
                0x0000a060                _isatty_r
 .text._lseek_r
                0x0000a084       0x28 c:/freescale/kds_v3/toolchain/bin/../lib/gcc/arm-none-eabi/4.8.4/../../../../arm-none-eabi/lib/armv6-m\libg_s.a(lib_a-lseekr.o)
                0x0000a084                _lseek_r
 .text._malloc_usable_size_r
                0x0000a0ac       0x12 c:/freescale/kds_v3/toolchain/bin/../lib/gcc/arm-none-eabi/4.8.4/../../../../arm-none-eabi/lib/armv6-m\libg_s.a(lib_a-nano-msizer.o)
                0x0000a0ac                _malloc_usable_size_r
 *fill*         0x0000a0be        0x2 
 .text._read_r  0x0000a0c0       0x28 c:/freescale/kds_v3/toolchain/bin/../lib/gcc/arm-none-eabi/4.8.4/../../../../arm-none-eabi/lib/armv6-m\libg_s.a(lib_a-readr.o)
                0x0000a0c0                _read_r
 .text._close   0x0000a0e8       0x10 c:/freescale/kds_v3/toolchain/bin/../lib/gcc/arm-none-eabi/4.8.4/../../../../arm-none-eabi/lib/armv6-m\libnosys.a(close.o)
                0x0000a0e8                _close
 .text._fstat   0x0000a0f8       0x10 c:/freescale/kds_v3/toolchain/bin/../lib/gcc/arm-none-eabi/4.8.4/../../../../arm-none-eabi/lib/armv6-m\libnosys.a(fstat.o)
                0x0000a0f8                _fstat
 .text._getpid  0x0000a108       0x10 c:/freescale/kds_v3/toolchain/bin/../lib/gcc/arm-none-eabi/4.8.4/../../../../arm-none-eabi/lib/armv6-m\libnosys.a(getpid.o)
                0x0000a108                _getpid
 .text._isatty  0x0000a118       0x10 c:/freescale/kds_v3/toolchain/bin/../lib/gcc/arm-none-eabi/4.8.4/../../../../arm-none-eabi/lib/armv6-m\libnosys.a(isatty.o)
                0x0000a118                _isatty
 .text._kill    0x0000a128       0x10 c:/freescale/kds_v3/toolchain/bin/../lib/gcc/arm-none-eabi/4.8.4/../../../../arm-none-eabi/lib/armv6-m\libnosys.a(kill.o)
                0x0000a128                _kill
 .text._lseek   0x0000a138       0x10 c:/freescale/kds_v3/toolchain/bin/../lib/gcc/arm-none-eabi/4.8.4/../../../../arm-none-eabi/lib/armv6-m\libnosys.a(lseek.o)
                0x0000a138                _lseek
 .text._read    0x0000a148       0x10 c:/freescale/kds_v3/toolchain/bin/../lib/gcc/arm-none-eabi/4.8.4/../../../../arm-none-eabi/lib/armv6-m\libnosys.a(read.o)
                0x0000a148                _read
 .text._sbrk    0x0000a158       0x34 c:/freescale/kds_v3/toolchain/bin/../lib/gcc/arm-none-eabi/4.8.4/../../../../arm-none-eabi/lib/armv6-m\libnosys.a(sbrk.o)
                0x0000a158                _sbrk
 .text._write   0x0000a18c       0x10 c:/freescale/kds_v3/toolchain/bin/../lib/gcc/arm-none-eabi/4.8.4/../../../../arm-none-eabi/lib/armv6-m\libnosys.a(write.o)
                0x0000a18c                _write
 .text._exit    0x0000a19c        0x4 c:/freescale/kds_v3/toolchain/bin/../lib/gcc/arm-none-eabi/4.8.4/../../../../arm-none-eabi/lib/armv6-m\libnosys.a(_exit.o)
                0x0000a19c                _exit
 *(.rodata)
 .rodata        0x0000a1a0     0x1020 c:/freescale/kds_v3/toolchain/bin/../lib/gcc/arm-none-eabi/4.8.4/../../../../arm-none-eabi/lib/armv6-m\libstdc++_s.a(cp-demangle.o)
 *(.rodata*)
 .rodata.str1.1
                0x0000b1c0       0x80 c:/freescale/kds_v3/toolchain/bin/../lib/gcc/arm-none-eabi/4.8.4/../../../../arm-none-eabi/lib/armv6-m\libstdc++_s.a(vterminate.o)
 .rodata._ZTIN10__cxxabiv115__forced_unwindE
                0x0000b240        0x8 c:/freescale/kds_v3/toolchain/bin/../lib/gcc/arm-none-eabi/4.8.4/../../../../arm-none-eabi/lib/armv6-m\libstdc++_s.a(eh_exception.o)
                0x0000b240                typeinfo for __cxxabiv1::__forced_unwind
 .rodata._ZTSN10__cxxabiv119__foreign_exceptionE
                0x0000b248       0x24 c:/freescale/kds_v3/toolchain/bin/../lib/gcc/arm-none-eabi/4.8.4/../../../../arm-none-eabi/lib/armv6-m\libstdc++_s.a(eh_exception.o)
                0x0000b248                typeinfo name for __cxxabiv1::__foreign_exception
 .rodata._ZTIN10__cxxabiv119__foreign_exceptionE
                0x0000b26c        0x8 c:/freescale/kds_v3/toolchain/bin/../lib/gcc/arm-none-eabi/4.8.4/../../../../arm-none-eabi/lib/armv6-m\libstdc++_s.a(eh_exception.o)
                0x0000b26c                typeinfo for __cxxabiv1::__foreign_exception
 .rodata._ZTSN10__cxxabiv115__forced_unwindE
                0x0000b274       0x20 c:/freescale/kds_v3/toolchain/bin/../lib/gcc/arm-none-eabi/4.8.4/../../../../arm-none-eabi/lib/armv6-m\libstdc++_s.a(eh_exception.o)
                0x0000b274                typeinfo name for __cxxabiv1::__forced_unwind
 .rodata.str1.4
                0x0000b294      0x7f4 c:/freescale/kds_v3/toolchain/bin/../lib/gcc/arm-none-eabi/4.8.4/../../../../arm-none-eabi/lib/armv6-m\libstdc++_s.a(cp-demangle.o)
                                0x840 (size before relaxing)
 .rodata._ZTVN10__cxxabiv117__class_type_infoE
                0x0000ba88       0x30 c:/freescale/kds_v3/toolchain/bin/../lib/gcc/arm-none-eabi/4.8.4/../../../../arm-none-eabi/lib/armv6-m\libstdc++_s.a(class_type_info.o)
                0x0000ba88                vtable for __cxxabiv1::__class_type_info
 .rodata._ZTIN10__cxxabiv117__class_type_infoE
                0x0000bab8        0xc c:/freescale/kds_v3/toolchain/bin/../lib/gcc/arm-none-eabi/4.8.4/../../../../arm-none-eabi/lib/armv6-m\libstdc++_s.a(class_type_info.o)
                0x0000bab8                typeinfo for __cxxabiv1::__class_type_info
 .rodata._ZTSN10__cxxabiv117__class_type_infoE
                0x0000bac4       0x22 c:/freescale/kds_v3/toolchain/bin/../lib/gcc/arm-none-eabi/4.8.4/../../../../arm-none-eabi/lib/armv6-m\libstdc++_s.a(class_type_info.o)
                0x0000bac4                typeinfo name for __cxxabiv1::__class_type_info
 *fill*         0x0000bae6        0x2 
 .rodata._ZTVN10__cxxabiv120__si_class_type_infoE
                0x0000bae8       0x30 c:/freescale/kds_v3/toolchain/bin/../lib/gcc/arm-none-eabi/4.8.4/../../../../arm-none-eabi/lib/armv6-m\libstdc++_s.a(si_class_type_info.o)
                0x0000bae8                vtable for __cxxabiv1::__si_class_type_info
 .rodata._ZTIN10__cxxabiv120__si_class_type_infoE
                0x0000bb18        0xc c:/freescale/kds_v3/toolchain/bin/../lib/gcc/arm-none-eabi/4.8.4/../../../../arm-none-eabi/lib/armv6-m\libstdc++_s.a(si_class_type_info.o)
                0x0000bb18                typeinfo for __cxxabiv1::__si_class_type_info
 .rodata._ZTSN10__cxxabiv120__si_class_type_infoE
                0x0000bb24       0x25 c:/freescale/kds_v3/toolchain/bin/../lib/gcc/arm-none-eabi/4.8.4/../../../../arm-none-eabi/lib/armv6-m\libstdc++_s.a(si_class_type_info.o)
                0x0000bb24                typeinfo name for __cxxabiv1::__si_class_type_info
 *fill*         0x0000bb49        0x3 
 .rodata._ZTISt9type_info
                0x0000bb4c        0x8 c:/freescale/kds_v3/toolchain/bin/../lib/gcc/arm-none-eabi/4.8.4/../../../../arm-none-eabi/lib/armv6-m\libstdc++_s.a(tinfo.o)
                0x0000bb4c                typeinfo for std::type_info
 .rodata._ZTSSt9type_info
                0x0000bb54        0xd c:/freescale/kds_v3/toolchain/bin/../lib/gcc/arm-none-eabi/4.8.4/../../../../arm-none-eabi/lib/armv6-m\libstdc++_s.a(tinfo.o)
                0x0000bb54                typeinfo name for std::type_info
 *fill*         0x0000bb61        0x7 
 .rodata._ZTVSt9type_info
                0x0000bb68       0x20 c:/freescale/kds_v3/toolchain/bin/../lib/gcc/arm-none-eabi/4.8.4/../../../../arm-none-eabi/lib/armv6-m\libstdc++_s.a(tinfo.o)
                0x0000bb68                vtable for std::type_info
 .rodata.str1.1
                0x0000bb88        0x2 c:/freescale/kds_v3/toolchain/bin/../lib/gcc/arm-none-eabi/4.8.4/../../../../arm-none-eabi/lib/armv6-m\libg_s.a(lib_a-impure.o)
 *fill*         0x0000bb8a        0x2 
 .rodata._global_impure_ptr
                0x0000bb8c        0x4 c:/freescale/kds_v3/toolchain/bin/../lib/gcc/arm-none-eabi/4.8.4/../../../../arm-none-eabi/lib/armv6-m\libg_s.a(lib_a-impure.o)
                0x0000bb8c                _global_impure_ptr
 .rodata.str1.1
                0x0000bb90       0x11 c:/freescale/kds_v3/toolchain/bin/../lib/gcc/arm-none-eabi/4.8.4/../../../../arm-none-eabi/lib/armv6-m\libg_s.a(lib_a-svfprintf.o)
 .rodata.str1.1
                0x0000bba1       0x22 c:/freescale/kds_v3/toolchain/bin/../lib/gcc/arm-none-eabi/4.8.4/../../../../arm-none-eabi/lib/armv6-m\libg_s.a(lib_a-vfprintf_i.o)
 *fill*         0x0000bbc3        0x1 
 .rodata.__sf_fake_stdin
                0x0000bbc4       0x20 c:/freescale/kds_v3/toolchain/bin/../lib/gcc/arm-none-eabi/4.8.4/../../../../arm-none-eabi/lib/armv6-m\libg_s.a(lib_a-findfp.o)
                0x0000bbc4                __sf_fake_stdin
 .rodata.__sf_fake_stdout
                0x0000bbe4       0x20 c:/freescale/kds_v3/toolchain/bin/../lib/gcc/arm-none-eabi/4.8.4/../../../../arm-none-eabi/lib/armv6-m\libg_s.a(lib_a-findfp.o)
                0x0000bbe4                __sf_fake_stdout
 .rodata.__sf_fake_stderr
                0x0000bc04       0x20 c:/freescale/kds_v3/toolchain/bin/../lib/gcc/arm-none-eabi/4.8.4/../../../../arm-none-eabi/lib/armv6-m\libg_s.a(lib_a-findfp.o)
                0x0000bc04                __sf_fake_stderr
 *(.glue_7)
 .glue_7        0x00000000        0x0 linker stubs
 *(.glue_7t)
 .glue_7t       0x00000000        0x0 linker stubs
 *(.eh_frame)
 .eh_frame      0x0000bc24        0x0 c:/freescale/kds_v3/toolchain/bin/../lib/gcc/arm-none-eabi/4.8.4/armv6-m/crtbegin.o
 *(.init)
 .init          0x0000bc24        0x4 c:/freescale/kds_v3/toolchain/bin/../lib/gcc/arm-none-eabi/4.8.4/armv6-m/crti.o
                0x0000bc24                _init
 .init          0x0000bc28        0x8 c:/freescale/kds_v3/toolchain/bin/../lib/gcc/arm-none-eabi/4.8.4/armv6-m/crtn.o
 *(.fini)
 .fini          0x0000bc30        0x4 c:/freescale/kds_v3/toolchain/bin/../lib/gcc/arm-none-eabi/4.8.4/armv6-m/crti.o
                0x0000bc30                _fini
 .fini          0x0000bc34        0x8 c:/freescale/kds_v3/toolchain/bin/../lib/gcc/arm-none-eabi/4.8.4/armv6-m/crtn.o
                0x0000bc3c                . = ALIGN (0x4)

.vfp11_veneer   0x0000bc3c        0x0
 .vfp11_veneer  0x00000000        0x0 linker stubs

.v4_bx          0x0000bc3c        0x0
 .v4_bx         0x00000000        0x0 linker stubs

.iplt           0x0000bc3c        0x0
 .iplt          0x00000000        0x0 c:/freescale/kds_v3/toolchain/bin/../lib/gcc/arm-none-eabi/4.8.4/armv6-m/crtbegin.o

.ARM.extab      0x0000bc3c      0x2e8
 *(.ARM.extab* .gnu.linkonce.armextab.*)
 .ARM.extab.text._ZN8mkl_GPIOC2Ev
                0x0000bc3c        0x0 ./Sources/mkl_GPIOPort.o
 .ARM.extab.text._ZN12mkl_GPIOPortC2E8gpio_Pin
                0x0000bc3c        0xc ./Sources/mkl_GPIOPort.o
 .ARM.extab.text._ZN7mkl_TPMC2Ev
                0x0000bc48        0x0 ./Sources/mkl_TPMDelay.o
 .ARM.extab.text._ZN12mkl_TPMDelayC2E17tpm_TPMNumberMask
                0x0000bc48        0xc ./Sources/mkl_TPMDelay.o
 .ARM.extab.text._ZN27mkl_TPMPulseWidthModulationC2E7tpm_Pin
                0x0000bc54        0xc ./Sources/mkl_TPMPulseWidthModulation.o
 .ARM.extab.text._ZN6ButtonC2E8gpio_Pin
                0x0000bc60        0xc ./Button.o
 .ARM.extab.text._ZN6Button9isPressedEv
                0x0000bc6c        0xc ./Button.o
 .ARM.extab.text._ZN6BuzzerC2E8gpio_Pin
                0x0000bc78        0xc ./Buzzer.o
 .ARM.extab.text._ZN6Buzzer12buzzerTurnOnEv
                0x0000bc84        0xc ./Buzzer.o
 .ARM.extab.text._ZN6Buzzer13buzzerTurnOffEv
                0x0000bc90        0xc ./Buzzer.o
 .ARM.extab.text._ZN14ControlService10readInputsEv
                0x0000bc9c        0xc ./ControlService.o
 .ARM.extab.text._ZN14ControlService12writeOutputsEv
                0x0000bca8        0xc ./ControlService.o
 .ARM.extab.text._ZN5DelayC2E17tpm_TPMNumberMask
                0x0000bcb4        0xc ./Delay.o
 .ARM.extab.text._ZN5Delay5delayEv
                0x0000bcc0        0xc ./Delay.o
 .ARM.extab.text._ZN3KeyC2E8gpio_Pin
                0x0000bccc        0xc ./Key.o
 .ARM.extab.text._ZN3Key4isOnEv
                0x0000bcd8        0xc ./Key.o
 .ARM.extab.text._ZN3LedC2E8gpio_Pin
                0x0000bce4        0xc ./Led.o
 .ARM.extab.text._ZN3Led9LedTurnOnEv
                0x0000bcf0        0xc ./Led.o
 .ARM.extab.text._ZN3Led10LedTurnOffEv
                0x0000bcfc        0xc ./Led.o
 .ARM.extab.text._ZN7MotorDcC2E8gpio_PinS0_7tpm_Pin
                0x0000bd08        0xc ./MotorDc.o
 .ARM.extab.text._ZN7MotorDc8setPortAEb
                0x0000bd14        0xc ./MotorDc.o
 .ARM.extab.text._ZN7MotorDc8setPortBEb
                0x0000bd20        0xc ./MotorDc.o
 .ARM.extab.text._ZN7MotorDc15enableOperationEv
                0x0000bd2c        0xc ./MotorDc.o
 .ARM.extab.text._ZN7MotorDc16disableOperationEv
                0x0000bd38        0xc ./MotorDc.o
 .ARM.extab.text._ZN16OperationService7startOPEv
                0x0000bd44        0xc ./OperationService.o
 .ARM.extab.text._ZN16OperationService7pauseOPEv
                0x0000bd50        0xc ./OperationService.o
 .ARM.extab.text._ZN16OperationService8cancelOPEv
                0x0000bd5c        0xc ./OperationService.o
 .ARM.extab.text._ZN16OperationService5endOPEv
                0x0000bd68        0xc ./OperationService.o
 .ARM.extab.text._ZN16OperationService8openDoorEv
                0x0000bd74        0xc ./OperationService.o
 .ARM.extab.text._ZN16OperationService10closedDoorEv
                0x0000bd80        0xc ./OperationService.o
 .ARM.extab.text._ZN15RotatingService11motorTurnOnEv
                0x0000bd8c        0xc ./RotatingService.o
 .ARM.extab.text._ZN15RotatingService12motorTurnOffEv
                0x0000bd98        0xc ./RotatingService.o
 .ARM.extab.text._ZN16SignalingService6beepOnEv
                0x0000bda4        0xc ./SignalingService.o
 .ARM.extab.text._ZN16SignalingService7beepOffEv
                0x0000bdb0        0xc ./SignalingService.o
 .ARM.extab.text._ZN16SignalingService13lampadaTurnOnEv
                0x0000bdbc        0xc ./SignalingService.o
 .ARM.extab.text._ZN16SignalingService14lampadaTurnOffEv
                0x0000bdc8        0xc ./SignalingService.o
 .ARM.extab.text._ZN16SignalingService10tempTurnOnEv
                0x0000bdd4        0xc ./SignalingService.o
 .ARM.extab.text._ZN16SignalingService11tempTurnOffEv
                0x0000bde0        0xc ./SignalingService.o
 .ARM.extab.text._ZN16SignalingService9delayServEv
                0x0000bdec        0xc ./SignalingService.o
 .ARM.extab.text.main
                0x0000bdf8       0x90 ./main.o
 .ARM.extab     0x0000be88       0x6c c:/freescale/kds_v3/toolchain/bin/../lib/gcc/arm-none-eabi/4.8.4/armv6-m\libgcc.a(unwind-arm.o)
 .ARM.extab     0x0000bef4       0x30 c:/freescale/kds_v3/toolchain/bin/../lib/gcc/arm-none-eabi/4.8.4/armv6-m\libgcc.a(pr-support.o)

.ARM            0x0000bf24      0x260
                0x0000bf24                __exidx_start = .
 *(.ARM.exidx*)
 .ARM.exidx     0x0000bf24        0x8 c:/freescale/kds_v3/toolchain/bin/../lib/gcc/arm-none-eabi/4.8.4/../../../../arm-none-eabi/lib/armv6-m/crt0.o
 .ARM.exidx.text._ZN8mkl_GPIO11setPortModeE13gpio_PortMode
                0x0000c004        0x0 ./Sources/mkl_GPIO.o
                                  0x8 (size before relaxing)
 .ARM.exidx.text._ZN8mkl_GPIO15setPullResistorE17gpio_PullResistor
                0x0000c004        0x0 ./Sources/mkl_GPIO.o
                                  0x8 (size before relaxing)
 .ARM.exidx.text._ZN8mkl_GPIO8writeBitEi
                0x0000c004        0x0 ./Sources/mkl_GPIO.o
                                  0x8 (size before relaxing)
 .ARM.exidx.text._ZN8mkl_GPIO7readBitEv
                0x0000c004        0x0 ./Sources/mkl_GPIO.o
                                  0x8 (size before relaxing)
 .ARM.exidx.text._ZN8mkl_GPIO14bindPeripheralEhh
                0x0000c004        0x0 ./Sources/mkl_GPIO.o
                                  0x8 (size before relaxing)
 .ARM.exidx.text._ZN8mkl_GPIO17enableModuleClockEh
                0x0000c004        0x0 ./Sources/mkl_GPIO.o
                                  0x8 (size before relaxing)
 .ARM.exidx.text._ZN8mkl_GPIO20selectMuxAlternativeEv
                0x0000c004        0x0 ./Sources/mkl_GPIO.o
                                  0x8 (size before relaxing)
 .ARM.exidx.text._ZN8mkl_GPIO17setGPIOParametersE8gpio_PinRmS1_
                0x0000c004        0x0 ./Sources/mkl_GPIO.o
                                  0x8 (size before relaxing)
 .ARM.exidx.text._ZN8mkl_GPIOC2Ev
                0x0000c004        0x0 ./Sources/mkl_GPIOPort.o
                                  0x8 (size before relaxing)
 .ARM.exidx.text._ZN12mkl_GPIOPortC2E8gpio_Pin
                0x0000c004        0x8 ./Sources/mkl_GPIOPort.o
 .ARM.exidx.text._ZN7mkl_TPM14bindPeripheralEPh
                0x0000c00c        0x8 ./Sources/mkl_TPM.o
 .ARM.exidx.text._ZN7mkl_TPM11bindChannelEPhh
                0x0000c014        0x0 ./Sources/mkl_TPM.o
                                  0x8 (size before relaxing)
 .ARM.exidx.text._ZN7mkl_TPM7bindPinEhh
                0x0000c014        0x0 ./Sources/mkl_TPM.o
                                  0x8 (size before relaxing)
 .ARM.exidx.text._ZN7mkl_TPM21enablePeripheralClockEh
                0x0000c014        0x0 ./Sources/mkl_TPM.o
                                  0x8 (size before relaxing)
 .ARM.exidx.text._ZN7mkl_TPM15enableGPIOClockEh
                0x0000c014        0x0 ./Sources/mkl_TPM.o
                                  0x8 (size before relaxing)
 .ARM.exidx.text._ZN7mkl_TPM20selectMuxAlternativeEh
                0x0000c014        0x0 ./Sources/mkl_TPM.o
                                  0x8 (size before relaxing)
 .ARM.exidx.text._ZN7mkl_TPM16setTPMParametersE7tpm_PinRhS1_S1_S1_S1_
                0x0000c014        0x0 ./Sources/mkl_TPM.o
                                  0x8 (size before relaxing)
 .ARM.exidx.text._ZN7mkl_TPM14setBaseAddressEhPPh
                0x0000c014        0x0 ./Sources/mkl_TPM.o
                                  0x8 (size before relaxing)
 .ARM.exidx.text._ZN7mkl_TPMC2Ev
                0x0000c014        0x0 ./Sources/mkl_TPMDelay.o
                                  0x8 (size before relaxing)
 .ARM.exidx.text._ZN12mkl_TPMDelayC2E17tpm_TPMNumberMask
                0x0000c014        0x8 ./Sources/mkl_TPMDelay.o
 .ARM.exidx.text._ZN12mkl_TPMDelay12setFrequencyE7tpm_Div
                0x0000c01c        0x8 ./Sources/mkl_TPMDelay.o
 .ARM.exidx.text._ZN12mkl_TPMDelay10startDelayEt
                0x0000c024        0x0 ./Sources/mkl_TPMDelay.o
                                  0x8 (size before relaxing)
 .ARM.exidx.text._ZN12mkl_TPMDelay12timeoutDelayEv
                0x0000c024        0x0 ./Sources/mkl_TPMDelay.o
                                  0x8 (size before relaxing)
 .ARM.exidx.text._ZN12mkl_TPMDelay9waitDelayEt
                0x0000c024        0x0 ./Sources/mkl_TPMDelay.o
                                  0x8 (size before relaxing)
 .ARM.exidx.text._ZN12mkl_TPMDelay11cancelDelayEv
                0x0000c024        0x0 ./Sources/mkl_TPMDelay.o
                                  0x8 (size before relaxing)
 .ARM.exidx.text._ZN27mkl_TPMPulseWidthModulationC2E7tpm_Pin
                0x0000c024        0x8 ./Sources/mkl_TPMPulseWidthModulation.o
 .ARM.exidx.text._ZN27mkl_TPMPulseWidthModulation12setFrequencyE7tpm_Divt
                0x0000c02c        0x8 ./Sources/mkl_TPMPulseWidthModulation.o
 .ARM.exidx.text._ZN27mkl_TPMPulseWidthModulation12setDutyCycleEt
                0x0000c034        0x0 ./Sources/mkl_TPMPulseWidthModulation.o
                                  0x8 (size before relaxing)
 .ARM.exidx.text._ZN27mkl_TPMPulseWidthModulation15enableOperationEv
                0x0000c034        0x0 ./Sources/mkl_TPMPulseWidthModulation.o
                                  0x8 (size before relaxing)
 .ARM.exidx.text._ZN27mkl_TPMPulseWidthModulation16disableOperationEv
                0x0000c034        0x0 ./Sources/mkl_TPMPulseWidthModulation.o
                                  0x8 (size before relaxing)
 .ARM.exidx.text._ZN27mkl_TPMPulseWidthModulation15setPWMOperationEv
                0x0000c034        0x0 ./Sources/mkl_TPMPulseWidthModulation.o
                                  0x8 (size before relaxing)
 .ARM.exidx.text._ZN6ButtonC2E8gpio_Pin
                0x0000c034        0x8 ./Button.o
 .ARM.exidx.text._ZN6Button9isPressedEv
                0x0000c03c        0x8 ./Button.o
 .ARM.exidx.text._ZN6BuzzerC2E8gpio_Pin
                0x0000c044        0x8 ./Buzzer.o
 .ARM.exidx.text._ZN6Buzzer12buzzerTurnOnEv
                0x0000c04c        0x8 ./Buzzer.o
 .ARM.exidx.text._ZN6Buzzer13buzzerTurnOffEv
                0x0000c054        0x8 ./Buzzer.o
 .ARM.exidx.text._ZN14ControlServiceC2EP16OperationServiceP6ButtonS3_S3_P3KeyP16SignalingService
                0x0000c05c        0x8 ./ControlService.o
 .ARM.exidx.text._ZN14ControlService10readInputsEv
                0x0000c064        0x8 ./ControlService.o
 .ARM.exidx.text._ZN14ControlService13selectServiceEv
                0x0000c06c        0x8 ./ControlService.o
 .ARM.exidx.text._ZN14ControlService9doServiceEv
                0x0000c074        0x0 ./ControlService.o
                                  0x8 (size before relaxing)
 .ARM.exidx.text._ZN14ControlService12writeOutputsEv
                0x0000c074        0x8 ./ControlService.o
 .ARM.exidx.text._ZN5DelayC2E17tpm_TPMNumberMask
                0x0000c07c        0x8 ./Delay.o
 .ARM.exidx.text._ZN5Delay5delayEv
                0x0000c084        0x8 ./Delay.o
 .ARM.exidx.text._ZN3KeyC2E8gpio_Pin
                0x0000c08c        0x8 ./Key.o
 .ARM.exidx.text._ZN3Key4isOnEv
                0x0000c094        0x8 ./Key.o
 .ARM.exidx.text._ZN3LedC2E8gpio_Pin
                0x0000c09c        0x8 ./Led.o
 .ARM.exidx.text._ZN3Led9LedTurnOnEv
                0x0000c0a4        0x8 ./Led.o
 .ARM.exidx.text._ZN3Led10LedTurnOffEv
                0x0000c0ac        0x8 ./Led.o
 .ARM.exidx.text._ZN7MotorDcC2E8gpio_PinS0_7tpm_Pin
                0x0000c0b4        0x8 ./MotorDc.o
 .ARM.exidx.text._ZN7MotorDc8setPortAEb
                0x0000c0bc        0x8 ./MotorDc.o
 .ARM.exidx.text._ZN7MotorDc8setPortBEb
                0x0000c0c4        0x8 ./MotorDc.o
 .ARM.exidx.text._ZN7MotorDc12setDutyCicleEh
                0x0000c0cc        0x8 ./MotorDc.o
 .ARM.exidx.text._ZN7MotorDc15enableOperationEv
                0x0000c0d4        0x8 ./MotorDc.o
 .ARM.exidx.text._ZN7MotorDc16disableOperationEv
                0x0000c0dc        0x8 ./MotorDc.o
 .ARM.exidx.text._ZN7MotorDc12getDutyCicleEv
                0x0000c0e4        0x8 ./MotorDc.o
 .ARM.exidx.text._ZN16OperationServiceC2EP15RotatingServiceP16SignalingServiceP5Delay
                0x0000c0ec        0x0 ./OperationService.o
                                  0x8 (size before relaxing)
 .ARM.exidx.text._ZN16OperationService7startOPEv
                0x0000c0ec        0x8 ./OperationService.o
 .ARM.exidx.text._ZN16OperationService7pauseOPEv
                0x0000c0f4        0x8 ./OperationService.o
 .ARM.exidx.text._ZN16OperationService8cancelOPEv
                0x0000c0fc        0x8 ./OperationService.o
 .ARM.exidx.text._ZN16OperationService5endOPEv
                0x0000c104        0x8 ./OperationService.o
 .ARM.exidx.text._ZN16OperationService8openDoorEv
                0x0000c10c        0x8 ./OperationService.o
 .ARM.exidx.text._ZN16OperationService10closedDoorEv
                0x0000c114        0x8 ./OperationService.o
 .ARM.exidx.text._ZN15RotatingServiceC2EP7MotorDc
                0x0000c11c        0x8 ./RotatingService.o
 .ARM.exidx.text._ZN15RotatingService11motorTurnOnEv
                0x0000c124        0x8 ./RotatingService.o
 .ARM.exidx.text._ZN15RotatingService12motorTurnOffEv
                0x0000c12c        0x8 ./RotatingService.o
 .ARM.exidx.text._ZN16SignalingServiceC2EP3LedS1_P6BuzzerP5Delay
                0x0000c134        0x8 ./SignalingService.o
 .ARM.exidx.text._ZN16SignalingService6beepOnEv
                0x0000c13c        0x8 ./SignalingService.o
 .ARM.exidx.text._ZN16SignalingService7beepOffEv
                0x0000c144        0x8 ./SignalingService.o
 .ARM.exidx.text._ZN16SignalingService13lampadaTurnOnEv
                0x0000c14c        0x8 ./SignalingService.o
 .ARM.exidx.text._ZN16SignalingService14lampadaTurnOffEv
                0x0000c154        0x8 ./SignalingService.o
 .ARM.exidx.text._ZN16SignalingService10tempTurnOnEv
                0x0000c15c        0x8 ./SignalingService.o
 .ARM.exidx.text._ZN16SignalingService11tempTurnOffEv
                0x0000c164        0x8 ./SignalingService.o
 .ARM.exidx.text._ZN16SignalingService9delayServEv
                0x0000c16c        0x8 ./SignalingService.o
 .ARM.exidx.text.main
                0x0000c174       0x10 ./main.o
                                  0x8 (size before relaxing)
 .ARM.exidx     0x0000bf2c       0xa0 c:/freescale/kds_v3/toolchain/bin/../lib/gcc/arm-none-eabi/4.8.4/armv6-m\libgcc.a(unwind-arm.o)
                                 0xd8 (size before relaxing)
 .ARM.exidx     0x0000bfcc       0x38 c:/freescale/kds_v3/toolchain/bin/../lib/gcc/arm-none-eabi/4.8.4/armv6-m\libgcc.a(pr-support.o)
                                 0x48 (size before relaxing)
                0x0000c184                __exidx_end = .

.rel.dyn        0x0000c184        0x0
 .rel.iplt      0x00000000        0x0 c:/freescale/kds_v3/toolchain/bin/../lib/gcc/arm-none-eabi/4.8.4/armv6-m/crtbegin.o

.ctors          0x0000c184        0x0
                0x0000c184                __CTOR_LIST__ = .
 *crtbegin.o(.ctors)
 *crtbegin?.o(.ctors)
 *(EXCLUDE_FILE(*crtend.o *crtend?.o) .ctors)
 *(SORT(.ctors.*))
 *(.ctors)
                0x0000c184                __CTOR_END__ = .

.dtors          0x0000c184        0x0
                0x0000c184                __DTOR_LIST__ = .
 *crtbegin.o(.dtors)
 *crtbegin?.o(.dtors)
 *(EXCLUDE_FILE(*crtend.o *crtend?.o) .dtors)
 *(SORT(.dtors.*))
 *(.dtors)
                0x0000c184                __DTOR_END__ = .

.preinit_array  0x0000c184        0x0
                0x0000c184                PROVIDE (__preinit_array_start, .)
 *(.preinit_array*)
                0x0000c184                PROVIDE (__preinit_array_end, .)

.init_array     0x0000c184        0x4
                0x0000c184                PROVIDE (__init_array_start, .)
 *(SORT(.init_array.*))
 *(.init_array*)
 .init_array    0x0000c184        0x4 c:/freescale/kds_v3/toolchain/bin/../lib/gcc/arm-none-eabi/4.8.4/armv6-m/crtbegin.o
                0x0000c188                PROVIDE (__init_array_end, .)

.fini_array     0x0000c188        0x4
                0x0000c188                PROVIDE (__fini_array_start, .)
 *(SORT(.fini_array.*))
 *(.fini_array*)
 .fini_array    0x0000c188        0x4 c:/freescale/kds_v3/toolchain/bin/../lib/gcc/arm-none-eabi/4.8.4/armv6-m/crtbegin.o
                0x0000c18c                PROVIDE (__fini_array_end, .)
                0x0000c18c                __etext = .
                0x0000c18c                __DATA_ROM = .

.mtb            0x1ffff000        0x0
                0x1ffff000                . = ALIGN (0x8)
                0x1ffff000                _mtb_start = .
 *(.mtb_buf)
                0x1ffff000                . = ALIGN (0x8)
                0x1ffff000                _mtb_end = .

.data           0x1ffff000       0x70 load address 0x0000c18c
                0x1ffff000                . = ALIGN (0x4)
                0x1ffff000                __DATA_RAM = .
                0x1ffff000                __data_start__ = .
 *(.data)
 *(.data*)
 .data._ZN10__cxxabiv120__unexpected_handlerE
                0x1ffff000        0x4 c:/freescale/kds_v3/toolchain/bin/../lib/gcc/arm-none-eabi/4.8.4/../../../../arm-none-eabi/lib/armv6-m\libstdc++_s.a(eh_unex_handler.o)
                0x1ffff000                __cxxabiv1::__unexpected_handler
 .data._ZN10__cxxabiv119__terminate_handlerE
                0x1ffff004        0x4 c:/freescale/kds_v3/toolchain/bin/../lib/gcc/arm-none-eabi/4.8.4/../../../../arm-none-eabi/lib/armv6-m\libstdc++_s.a(eh_term_handler.o)
                0x1ffff004                __cxxabiv1::__terminate_handler
 .data.impure_data
                0x1ffff008       0x60 c:/freescale/kds_v3/toolchain/bin/../lib/gcc/arm-none-eabi/4.8.4/../../../../arm-none-eabi/lib/armv6-m\libg_s.a(lib_a-impure.o)
 .data._impure_ptr
                0x1ffff068        0x4 c:/freescale/kds_v3/toolchain/bin/../lib/gcc/arm-none-eabi/4.8.4/../../../../arm-none-eabi/lib/armv6-m\libg_s.a(lib_a-impure.o)
                0x1ffff068                _impure_ptr
 *(.jcr*)
 .jcr           0x1ffff06c        0x0 c:/freescale/kds_v3/toolchain/bin/../lib/gcc/arm-none-eabi/4.8.4/armv6-m/crtbegin.o
 .jcr           0x1ffff06c        0x4 c:/freescale/kds_v3/toolchain/bin/../lib/gcc/arm-none-eabi/4.8.4/armv6-m/crtend.o
                0x1ffff070                . = ALIGN (0x4)
                0x1ffff070                __data_end__ = .
                0x0000c1fc                __DATA_END = (__DATA_ROM + (__data_end__ - __data_start__))

.igot.plt       0x1ffff070        0x0 load address 0x0000c1fc
 .igot.plt      0x00000000        0x0 c:/freescale/kds_v3/toolchain/bin/../lib/gcc/arm-none-eabi/4.8.4/armv6-m/crtbegin.o

.bss            0x1ffff070       0x40 load address 0x0000c1fc
                0x1ffff070                . = ALIGN (0x4)
                0x1ffff070                __START_BSS = .
                0x1ffff070                __bss_start__ = .
 *(.bss)
 .bss           0x1ffff070       0x1c c:/freescale/kds_v3/toolchain/bin/../lib/gcc/arm-none-eabi/4.8.4/armv6-m/crtbegin.o
 *(.bss*)
 .bss.__new_handler
                0x1ffff08c        0x4 c:/freescale/kds_v3/toolchain/bin/../lib/gcc/arm-none-eabi/4.8.4/../../../../arm-none-eabi/lib/armv6-m\libstdc++_s.a(new_handler.o)
                0x1ffff08c                __new_handler
 .bss._ZL10eh_globals
                0x1ffff090        0xc c:/freescale/kds_v3/toolchain/bin/../lib/gcc/arm-none-eabi/4.8.4/../../../../arm-none-eabi/lib/armv6-m\libstdc++_s.a(eh_globals.o)
 .bss._ZZN9__gnu_cxx27__verbose_terminate_handlerEvE11terminating
                0x1ffff09c        0x1 c:/freescale/kds_v3/toolchain/bin/../lib/gcc/arm-none-eabi/4.8.4/../../../../arm-none-eabi/lib/armv6-m\libstdc++_s.a(vterminate.o)
 *fill*         0x1ffff09d        0x3 
 .bss.__malloc_sbrk_start
                0x1ffff0a0        0x4 c:/freescale/kds_v3/toolchain/bin/../lib/gcc/arm-none-eabi/4.8.4/../../../../arm-none-eabi/lib/armv6-m\libg_s.a(lib_a-nano-mallocr.o)
                0x1ffff0a0                __malloc_sbrk_start
 .bss.__malloc_free_list
                0x1ffff0a4        0x4 c:/freescale/kds_v3/toolchain/bin/../lib/gcc/arm-none-eabi/4.8.4/../../../../arm-none-eabi/lib/armv6-m\libg_s.a(lib_a-nano-mallocr.o)
                0x1ffff0a4                __malloc_free_list
 .bss.heap_end.4246
                0x1ffff0a8        0x4 c:/freescale/kds_v3/toolchain/bin/../lib/gcc/arm-none-eabi/4.8.4/../../../../arm-none-eabi/lib/armv6-m\libnosys.a(sbrk.o)
 *(COMMON)
 COMMON         0x1ffff0ac        0x4 c:/freescale/kds_v3/toolchain/bin/../lib/gcc/arm-none-eabi/4.8.4/../../../../arm-none-eabi/lib/armv6-m\libg_s.a(lib_a-reent.o)
                0x1ffff0ac                errno
                0x1ffff0b0                . = ALIGN (0x4)
                0x1ffff0b0                __bss_end__ = .
                0x1ffff0b0                __END_BSS = .

.heap           0x1ffff0b0      0x400 load address 0x0000c23c
                0x1ffff0b0                . = ALIGN (0x8)
                0x1ffff0b0                __end__ = .
                0x1ffff0b0                PROVIDE (end, .)
                0x1ffff0b0                __HeapBase = .
                0x1ffff4b0                . = (. + HEAP_SIZE)
 *fill*         0x1ffff0b0      0x400 
                0x1ffff4b0                __HeapLimit = .

.stack          0x1ffff4b0      0x400 load address 0x0000c63c
                0x1ffff4b0                . = ALIGN (0x8)
                0x1ffff8b0                . = (. + STACK_SIZE)
 *fill*         0x1ffff4b0      0x400 
                0x20003000                __StackTop = (ORIGIN (m_data) + 0x4000)
                0x20002c00                __StackLimit = (__StackTop - STACK_SIZE)
                0x20003000                PROVIDE (__stack, __StackTop)

.ARM.attributes
                0x00000000       0x28
 *(.ARM.attributes)
 .ARM.attributes
                0x00000000       0x1e c:/freescale/kds_v3/toolchain/bin/../lib/gcc/arm-none-eabi/4.8.4/armv6-m/crti.o
 .ARM.attributes
                0x0000001e       0x2c c:/freescale/kds_v3/toolchain/bin/../lib/gcc/arm-none-eabi/4.8.4/armv6-m/crtbegin.o
 .ARM.attributes
                0x0000004a       0x1b c:/freescale/kds_v3/toolchain/bin/../lib/gcc/arm-none-eabi/4.8.4/../../../../arm-none-eabi/lib/armv6-m/crt0.o
 .ARM.attributes
                0x00000065       0x32 ./Sources/mkl_GPIO.o
 .ARM.attributes
                0x00000097       0x32 ./Sources/mkl_GPIOPort.o
 .ARM.attributes
                0x000000c9       0x32 ./Sources/mkl_TPM.o
 .ARM.attributes
                0x000000fb       0x32 ./Sources/mkl_TPMDelay.o
 .ARM.attributes
                0x0000012d       0x32 ./Sources/mkl_TPMPulseWidthModulation.o
 .ARM.attributes
                0x0000015f       0x1b ./Project_Settings/Startup_Code/startup_MKL25Z4.o
 .ARM.attributes
                0x0000017a       0x32 ./Project_Settings/Startup_Code/system_MKL25Z4.o
 .ARM.attributes
                0x000001ac       0x32 ./Button.o
 .ARM.attributes
                0x000001de       0x32 ./Buzzer.o
 .ARM.attributes
                0x00000210       0x32 ./ControlService.o
 .ARM.attributes
                0x00000242       0x32 ./Delay.o
 .ARM.attributes
                0x00000274       0x32 ./Key.o
 .ARM.attributes
                0x000002a6       0x32 ./Led.o
 .ARM.attributes
                0x000002d8       0x32 ./MotorDc.o
 .ARM.attributes
                0x0000030a       0x32 ./OperationService.o
 .ARM.attributes
                0x0000033c       0x32 ./RotatingService.o
 .ARM.attributes
                0x0000036e       0x32 ./SignalingService.o
 .ARM.attributes
                0x000003a0       0x32 ./main.o
 .ARM.attributes
                0x000003d2       0x2c c:/freescale/kds_v3/toolchain/bin/../lib/gcc/arm-none-eabi/4.8.4/../../../../arm-none-eabi/lib/armv6-m\libstdc++_s.a(eh_arm.o)
 .ARM.attributes
                0x000003fe       0x2c c:/freescale/kds_v3/toolchain/bin/../lib/gcc/arm-none-eabi/4.8.4/../../../../arm-none-eabi/lib/armv6-m\libstdc++_s.a(eh_terminate.o)
 .ARM.attributes
                0x0000042a       0x2c c:/freescale/kds_v3/toolchain/bin/../lib/gcc/arm-none-eabi/4.8.4/../../../../arm-none-eabi/lib/armv6-m\libstdc++_s.a(new_op.o)
 .ARM.attributes
                0x00000456       0x2c c:/freescale/kds_v3/toolchain/bin/../lib/gcc/arm-none-eabi/4.8.4/../../../../arm-none-eabi/lib/armv6-m\libstdc++_s.a(del_op.o)
 .ARM.attributes
                0x00000482       0x2c c:/freescale/kds_v3/toolchain/bin/../lib/gcc/arm-none-eabi/4.8.4/../../../../arm-none-eabi/lib/armv6-m\libstdc++_s.a(new_handler.o)
 .ARM.attributes
                0x000004ae       0x2c c:/freescale/kds_v3/toolchain/bin/../lib/gcc/arm-none-eabi/4.8.4/../../../../arm-none-eabi/lib/armv6-m\libstdc++_s.a(eh_unex_handler.o)
 .ARM.attributes
                0x000004da       0x2c c:/freescale/kds_v3/toolchain/bin/../lib/gcc/arm-none-eabi/4.8.4/../../../../arm-none-eabi/lib/armv6-m\libstdc++_s.a(eh_globals.o)
 .ARM.attributes
                0x00000506       0x2c c:/freescale/kds_v3/toolchain/bin/../lib/gcc/arm-none-eabi/4.8.4/../../../../arm-none-eabi/lib/armv6-m\libstdc++_s.a(eh_term_handler.o)
 .ARM.attributes
                0x00000532       0x2c c:/freescale/kds_v3/toolchain/bin/../lib/gcc/arm-none-eabi/4.8.4/../../../../arm-none-eabi/lib/armv6-m\libstdc++_s.a(vterminate.o)
 .ARM.attributes
                0x0000055e       0x2c c:/freescale/kds_v3/toolchain/bin/../lib/gcc/arm-none-eabi/4.8.4/../../../../arm-none-eabi/lib/armv6-m\libstdc++_s.a(eh_type.o)
 .ARM.attributes
                0x0000058a       0x2c c:/freescale/kds_v3/toolchain/bin/../lib/gcc/arm-none-eabi/4.8.4/../../../../arm-none-eabi/lib/armv6-m\libstdc++_s.a(eh_exception.o)
 .ARM.attributes
                0x000005b6       0x2c c:/freescale/kds_v3/toolchain/bin/../lib/gcc/arm-none-eabi/4.8.4/../../../../arm-none-eabi/lib/armv6-m\libstdc++_s.a(eh_call.o)
 .ARM.attributes
                0x000005e2       0x2c c:/freescale/kds_v3/toolchain/bin/../lib/gcc/arm-none-eabi/4.8.4/../../../../arm-none-eabi/lib/armv6-m\libstdc++_s.a(cp-demangle.o)
 .ARM.attributes
                0x0000060e       0x2c c:/freescale/kds_v3/toolchain/bin/../lib/gcc/arm-none-eabi/4.8.4/../../../../arm-none-eabi/lib/armv6-m\libstdc++_s.a(eh_catch.o)
 .ARM.attributes
                0x0000063a       0x2c c:/freescale/kds_v3/toolchain/bin/../lib/gcc/arm-none-eabi/4.8.4/../../../../arm-none-eabi/lib/armv6-m\libstdc++_s.a(class_type_info.o)
 .ARM.attributes
                0x00000666       0x2c c:/freescale/kds_v3/toolchain/bin/../lib/gcc/arm-none-eabi/4.8.4/../../../../arm-none-eabi/lib/armv6-m\libstdc++_s.a(si_class_type_info.o)
 .ARM.attributes
                0x00000692       0x2c c:/freescale/kds_v3/toolchain/bin/../lib/gcc/arm-none-eabi/4.8.4/../../../../arm-none-eabi/lib/armv6-m\libstdc++_s.a(tinfo.o)
 .ARM.attributes
                0x000006be       0x1e c:/freescale/kds_v3/toolchain/bin/../lib/gcc/arm-none-eabi/4.8.4/armv6-m\libgcc.a(_udivsi3.o)
 .ARM.attributes
                0x000006dc       0x1e c:/freescale/kds_v3/toolchain/bin/../lib/gcc/arm-none-eabi/4.8.4/armv6-m\libgcc.a(_dvmd_tls.o)
 .ARM.attributes
                0x000006fa       0x2c c:/freescale/kds_v3/toolchain/bin/../lib/gcc/arm-none-eabi/4.8.4/armv6-m\libgcc.a(unwind-arm.o)
 .ARM.attributes
                0x00000726       0x1e c:/freescale/kds_v3/toolchain/bin/../lib/gcc/arm-none-eabi/4.8.4/armv6-m\libgcc.a(libunwind.o)
 .ARM.attributes
                0x00000744       0x2c c:/freescale/kds_v3/toolchain/bin/../lib/gcc/arm-none-eabi/4.8.4/armv6-m\libgcc.a(pr-support.o)
 .ARM.attributes
                0x00000770       0x2c c:/freescale/kds_v3/toolchain/bin/../lib/gcc/arm-none-eabi/4.8.4/../../../../arm-none-eabi/lib/armv6-m\libg_s.a(lib_a-abort.o)
 .ARM.attributes
                0x0000079c       0x2c c:/freescale/kds_v3/toolchain/bin/../lib/gcc/arm-none-eabi/4.8.4/../../../../arm-none-eabi/lib/armv6-m\libg_s.a(lib_a-exit.o)
 .ARM.attributes
                0x000007c8       0x2c c:/freescale/kds_v3/toolchain/bin/../lib/gcc/arm-none-eabi/4.8.4/../../../../arm-none-eabi/lib/armv6-m\libg_s.a(lib_a-fputs.o)
 .ARM.attributes
                0x000007f4       0x2c c:/freescale/kds_v3/toolchain/bin/../lib/gcc/arm-none-eabi/4.8.4/../../../../arm-none-eabi/lib/armv6-m\libg_s.a(lib_a-impure.o)
 .ARM.attributes
                0x00000820       0x2c c:/freescale/kds_v3/toolchain/bin/../lib/gcc/arm-none-eabi/4.8.4/../../../../arm-none-eabi/lib/armv6-m\libg_s.a(lib_a-init.o)
 .ARM.attributes
                0x0000084c       0x2c c:/freescale/kds_v3/toolchain/bin/../lib/gcc/arm-none-eabi/4.8.4/../../../../arm-none-eabi/lib/armv6-m\libg_s.a(lib_a-malloc.o)
 .ARM.attributes
                0x00000878       0x2c c:/freescale/kds_v3/toolchain/bin/../lib/gcc/arm-none-eabi/4.8.4/../../../../arm-none-eabi/lib/armv6-m\libg_s.a(lib_a-memcmp.o)
 .ARM.attributes
                0x000008a4       0x2c c:/freescale/kds_v3/toolchain/bin/../lib/gcc/arm-none-eabi/4.8.4/../../../../arm-none-eabi/lib/armv6-m\libg_s.a(lib_a-memcpy-stub.o)
 .ARM.attributes
                0x000008d0       0x2c c:/freescale/kds_v3/toolchain/bin/../lib/gcc/arm-none-eabi/4.8.4/../../../../arm-none-eabi/lib/armv6-m\libg_s.a(lib_a-memset.o)
 .ARM.attributes
                0x000008fc       0x2c c:/freescale/kds_v3/toolchain/bin/../lib/gcc/arm-none-eabi/4.8.4/../../../../arm-none-eabi/lib/armv6-m\libg_s.a(lib_a-nano-freer.o)
 .ARM.attributes
                0x00000928       0x2c c:/freescale/kds_v3/toolchain/bin/../lib/gcc/arm-none-eabi/4.8.4/../../../../arm-none-eabi/lib/armv6-m\libg_s.a(lib_a-nano-mallocr.o)
 .ARM.attributes
                0x00000954       0x2c c:/freescale/kds_v3/toolchain/bin/../lib/gcc/arm-none-eabi/4.8.4/../../../../arm-none-eabi/lib/armv6-m\libg_s.a(lib_a-realloc.o)
 .ARM.attributes
                0x00000980       0x2c c:/freescale/kds_v3/toolchain/bin/../lib/gcc/arm-none-eabi/4.8.4/../../../../arm-none-eabi/lib/armv6-m\libg_s.a(lib_a-sbrkr.o)
 .ARM.attributes
                0x000009ac       0x2c c:/freescale/kds_v3/toolchain/bin/../lib/gcc/arm-none-eabi/4.8.4/../../../../arm-none-eabi/lib/armv6-m\libg_s.a(lib_a-signal.o)
 .ARM.attributes
                0x000009d8       0x2c c:/freescale/kds_v3/toolchain/bin/../lib/gcc/arm-none-eabi/4.8.4/../../../../arm-none-eabi/lib/armv6-m\libg_s.a(lib_a-signalr.o)
 .ARM.attributes
                0x00000a04       0x2c c:/freescale/kds_v3/toolchain/bin/../lib/gcc/arm-none-eabi/4.8.4/../../../../arm-none-eabi/lib/armv6-m\libg_s.a(lib_a-sprintf.o)
 .ARM.attributes
                0x00000a30       0x1c c:/freescale/kds_v3/toolchain/bin/../lib/gcc/arm-none-eabi/4.8.4/../../../../arm-none-eabi/lib/armv6-m\libg_s.a(lib_a-strcmp.o)
 .ARM.attributes
                0x00000a4c       0x2c c:/freescale/kds_v3/toolchain/bin/../lib/gcc/arm-none-eabi/4.8.4/../../../../arm-none-eabi/lib/armv6-m\libg_s.a(lib_a-strlen.o)
 .ARM.attributes
                0x00000a78       0x2c c:/freescale/kds_v3/toolchain/bin/../lib/gcc/arm-none-eabi/4.8.4/../../../../arm-none-eabi/lib/armv6-m\libg_s.a(lib_a-strncmp.o)
 .ARM.attributes
                0x00000aa4       0x2c c:/freescale/kds_v3/toolchain/bin/../lib/gcc/arm-none-eabi/4.8.4/../../../../arm-none-eabi/lib/armv6-m\libg_s.a(lib_a-svfprintf.o)
 .ARM.attributes
                0x00000ad0       0x2c c:/freescale/kds_v3/toolchain/bin/../lib/gcc/arm-none-eabi/4.8.4/../../../../arm-none-eabi/lib/armv6-m\libg_s.a(lib_a-vfprintf_i.o)
 .ARM.attributes
                0x00000afc       0x2c c:/freescale/kds_v3/toolchain/bin/../lib/gcc/arm-none-eabi/4.8.4/../../../../arm-none-eabi/lib/armv6-m\libg_s.a(lib_a-wbuf.o)
 .ARM.attributes
                0x00000b28       0x2c c:/freescale/kds_v3/toolchain/bin/../lib/gcc/arm-none-eabi/4.8.4/../../../../arm-none-eabi/lib/armv6-m\libg_s.a(lib_a-writer.o)
 .ARM.attributes
                0x00000b54       0x2c c:/freescale/kds_v3/toolchain/bin/../lib/gcc/arm-none-eabi/4.8.4/../../../../arm-none-eabi/lib/armv6-m\libg_s.a(lib_a-wsetup.o)
 .ARM.attributes
                0x00000b80       0x2c c:/freescale/kds_v3/toolchain/bin/../lib/gcc/arm-none-eabi/4.8.4/../../../../arm-none-eabi/lib/armv6-m\libg_s.a(lib_a-fflush.o)
 .ARM.attributes
                0x00000bac       0x2c c:/freescale/kds_v3/toolchain/bin/../lib/gcc/arm-none-eabi/4.8.4/../../../../arm-none-eabi/lib/armv6-m\libg_s.a(lib_a-findfp.o)
 .ARM.attributes
                0x00000bd8       0x2c c:/freescale/kds_v3/toolchain/bin/../lib/gcc/arm-none-eabi/4.8.4/../../../../arm-none-eabi/lib/armv6-m\libg_s.a(lib_a-makebuf.o)
 .ARM.attributes
                0x00000c04       0x2c c:/freescale/kds_v3/toolchain/bin/../lib/gcc/arm-none-eabi/4.8.4/../../../../arm-none-eabi/lib/armv6-m\libg_s.a(lib_a-memchr-stub.o)
 .ARM.attributes
                0x00000c30       0x2c c:/freescale/kds_v3/toolchain/bin/../lib/gcc/arm-none-eabi/4.8.4/../../../../arm-none-eabi/lib/armv6-m\libg_s.a(lib_a-memmove.o)
 .ARM.attributes
                0x00000c5c       0x2c c:/freescale/kds_v3/toolchain/bin/../lib/gcc/arm-none-eabi/4.8.4/../../../../arm-none-eabi/lib/armv6-m\libg_s.a(lib_a-nano-reallocr.o)
 .ARM.attributes
                0x00000c88       0x2c c:/freescale/kds_v3/toolchain/bin/../lib/gcc/arm-none-eabi/4.8.4/../../../../arm-none-eabi/lib/armv6-m\libg_s.a(lib_a-reent.o)
 .ARM.attributes
                0x00000cb4       0x2c c:/freescale/kds_v3/toolchain/bin/../lib/gcc/arm-none-eabi/4.8.4/../../../../arm-none-eabi/lib/armv6-m\libg_s.a(lib_a-stdio.o)
 .ARM.attributes
                0x00000ce0       0x2c c:/freescale/kds_v3/toolchain/bin/../lib/gcc/arm-none-eabi/4.8.4/../../../../arm-none-eabi/lib/armv6-m\libg_s.a(lib_a-closer.o)
 .ARM.attributes
                0x00000d0c       0x2c c:/freescale/kds_v3/toolchain/bin/../lib/gcc/arm-none-eabi/4.8.4/../../../../arm-none-eabi/lib/armv6-m\libg_s.a(lib_a-fstatr.o)
 .ARM.attributes
                0x00000d38       0x2c c:/freescale/kds_v3/toolchain/bin/../lib/gcc/arm-none-eabi/4.8.4/../../../../arm-none-eabi/lib/armv6-m\libg_s.a(lib_a-isattyr.o)
 .ARM.attributes
                0x00000d64       0x2c c:/freescale/kds_v3/toolchain/bin/../lib/gcc/arm-none-eabi/4.8.4/../../../../arm-none-eabi/lib/armv6-m\libg_s.a(lib_a-lseekr.o)
 .ARM.attributes